
 Start         Length     Name                   Class
 0001:00401000 000052C42H _TEXT                  CODE
 0002:00454000 000012118H _DATA                  DATA
 0003:00466118 0000020F0H _BSS                   BSS
 0004:00000000 00000009CH _TLS                   TLS


Detailed map of segments
 0001:00000000 0000014F C=CODE    S=_TEXT    G=(none)   M=C:\PROGRAM FILES\BORLAND\CBUILDER5\LIB\C0W32.OBJ ACBP=A9
 0001:0000014F 00000039 C=CODE    S=_TEXT    G=(none)   M=C:\PROGRAM FILES\BORLAND\CBUILDER5\LIB\RELEASE\VCL50.BPI|windows.pas ACBP=A9
 0001:00000188 00000038 C=CODE    S=_TEXT    G=(none)   M=C:\PROGRAM FILES\BORLAND\CBUILDER5\LIB\RELEASE\VCL50.BPI|Messages.pas ACBP=A9
 0001:000001C0 00000038 C=CODE    S=_TEXT    G=(none)   M=C:\PROGRAM FILES\BORLAND\CBUILDER5\LIB\RELEASE\VCL50.BPI|commctrl.pas ACBP=A9
 0001:000001F8 00000038 C=CODE    S=_TEXT    G=(none)   M=C:\PROGRAM FILES\BORLAND\CBUILDER5\LIB\RELEASE\VCL50.BPI|ShellAPI.pas ACBP=A9
 0001:00000230 00000038 C=CODE    S=_TEXT    G=(none)   M=C:\PROGRAM FILES\BORLAND\CBUILDER5\LIB\RELEASE\VCL50.BPI|RegStr.pas ACBP=A9
 0001:00000268 00000038 C=CODE    S=_TEXT    G=(none)   M=C:\PROGRAM FILES\BORLAND\CBUILDER5\LIB\RELEASE\VCL50.BPI|WinINet.pas ACBP=A9
 0001:000002A0 00000038 C=CODE    S=_TEXT    G=(none)   M=C:\PROGRAM FILES\BORLAND\CBUILDER5\LIB\RELEASE\VCL50.BPI|URLMon.pas ACBP=A9
 0001:000002D8 00000038 C=CODE    S=_TEXT    G=(none)   M=C:\PROGRAM FILES\BORLAND\CBUILDER5\LIB\RELEASE\VCL50.BPI|ShlObj.pas ACBP=A9
 0001:00000310 00000038 C=CODE    S=_TEXT    G=(none)   M=C:\PROGRAM FILES\BORLAND\CBUILDER5\LIB\RELEASE\VCL50.BPI|commdlg.pas ACBP=A9
 0001:00000348 00000038 C=CODE    S=_TEXT    G=(none)   M=C:\PROGRAM FILES\BORLAND\CBUILDER5\LIB\RELEASE\VCL50.BPI|dlgs.pas ACBP=A9
 0001:00000380 00000038 C=CODE    S=_TEXT    G=(none)   M=C:\PROGRAM FILES\BORLAND\CBUILDER5\LIB\RELEASE\VCL50.BPI|imm.pas ACBP=A9
 0001:000003B8 00000038 C=CODE    S=_TEXT    G=(none)   M=C:\PROGRAM FILES\BORLAND\CBUILDER5\LIB\RELEASE\VCL50.BPI|richedit.pas ACBP=A9
 0001:000003F0 00000038 C=CODE    S=_TEXT    G=(none)   M=C:\PROGRAM FILES\BORLAND\CBUILDER5\LIB\RELEASE\VCL50.BPI|winspool.pas ACBP=A9
 0001:00000428 00000170 C=CODE    S=_TEXT    G=(none)   M=C:\PROGRAM FILES\BORLAND\CBUILDER5\LIB\OBJ\SYSINIT.OBJ ACBP=A9
 0001:00000598 0000003C C=CODE    S=_TEXT    G=(none)   M=D:\STRIBUK\_BCB\STRAND5\OBJ\THISPROGRAMINGSU.OBJ ACBP=A9
 0001:000005D4 00000082 C=CODE    S=_TEXT    G=(none)   M=D:\STRIBUK\_BCB\STRAND5\OBJ\STRAND.OBJ ACBP=A9
 0001:00000658 00005485 C=CODE    S=_TEXT    G=(none)   M=D:\STRIBUK\_BCB\STRAND5\OBJ\MAIN.OBJ ACBP=A9
 0001:00005ADD 00000740 C=CODE    S=_TEXT    G=(none)   M=D:\STRIBUK\_BCB\STRAND5\OBJ\ABOUT.OBJ ACBP=A9
 0001:000061D4 000008F2 C=CODE    S=_TEXT    G=(none)   M=D:\STRIBUK\_BCB\STRAND5\OBJ\CHILDGRIDWIN.OBJ ACBP=A9
 0001:00006A68 00007B8D C=CODE    S=_TEXT    G=(none)   M=D:\STRIBUK\_BCB\STRAND5\OBJ\GRIDARRAY.OBJ ACBP=A9
 0001:0000E5F8 00000091 C=CODE    S=_TEXT    G=(none)   M=D:\STRIBUK\_BCB\STRAND5\OBJ\ODNOMANALIZ.OBJ ACBP=A9
 0001:0000E68C 00001709 C=CODE    S=_TEXT    G=(none)   M=D:\STRIBUK\_BCB\STRAND5\OBJ\MATRIXFUNCTIONS.OBJ ACBP=A9
 0001:0000FD95 0000008F C=CODE    S=_TEXT    G=(none)   M=D:\STRIBUK\_BCB\STRAND5\OBJ\PROGRESS.OBJ ACBP=A9
 0001:0000FE24 0000015F C=CODE    S=_TEXT    G=(none)   M=C:\PROGRAM FILES\BORLAND\CBUILDER5\LIB\CP32MTI.LIB|vdelldtc ACBP=A9
 0001:0000FF84 000001BA C=CODE    S=_TEXT    G=(none)   M=C:\PROGRAM FILES\BORLAND\CBUILDER5\LIB\CP32MTI.LIB|vnewldtc ACBP=A9
 0001:0001013E 00000046 C=CODE    S=_TEXT    G=(none)   M=C:\PROGRAM FILES\BORLAND\CBUILDER5\LIB\CP32MTI.LIB|crtlvcl ACBP=A9
 0001:00010184 00000001 C=CODE    S=_TEXT    G=(none)   M=C:\PROGRAM FILES\BORLAND\CBUILDER5\LIB\CP32MTI.LIB|vlibstub ACBP=A9
 0001:00010185 0000005D C=CODE    S=_TEXT    G=(none)   M=C:\PROGRAM FILES\BORLAND\CBUILDER5\LIB\CP32MTI.LIB|vclshmem ACBP=A9
 0001:000101E2 0000002F C=CODE    S=_TEXT    G=(none)   M=C:\PROGRAM FILES\BORLAND\CBUILDER5\LIB\CP32MTI.LIB|syshook ACBP=A9
 0001:00010214 0000000A C=CODE    S=_TEXT    G=(none)   M=C:\PROGRAM FILES\BORLAND\CBUILDER5\LIB\CP32MTI.LIB|__strchr ACBP=A9
 0001:00010220 00000117 C=CODE    S=_TEXT    G=(none)   M=C:\PROGRAM FILES\BORLAND\CBUILDER5\LIB\CP32MTI.LIB|xxv ACBP=A9
 0001:00010338 00000070 C=CODE    S=_TEXT    G=(none)   M=C:\PROGRAM FILES\BORLAND\CBUILDER5\LIB\CP32MTI.LIB|xxa ACBP=A9
 0001:000103A8 00000010 C=CODE    S=_TEXT    G=(none)   M=C:\PROGRAM FILES\BORLAND\CBUILDER5\LIB\CP32MTI.LIB|pureerr ACBP=A9
 0001:000103B8 00000026 C=CODE    S=_TEXT    G=(none)   M=C:\PROGRAM FILES\BORLAND\CBUILDER5\LIB\CP32MTI.LIB|setargv2 ACBP=A9
 0001:000103DE 00000022 C=CODE    S=_TEXT    G=(none)   M=D:\STRIBUK\_BCB\STRAND5\OBJ\DISTRIBUTIONS.OBJ ACBP=A9
 0001:00010400 0000023D C=CODE    S=_TEXT    G=(none)   M=D:\STRIBUK\_BCB\STRAND5\OBJ\GRAPHING.OBJ ACBP=A9
 0001:00010640 00001CA5 C=CODE    S=_TEXT    G=(none)   M=D:\STRIBUK\_BCB\STRAND5\OBJ\CALCMFUNCTIONS.OBJ ACBP=A9
 0001:000122E8 0000095D C=CODE    S=_TEXT    G=(none)   M=D:\STRIBUK\_BCB\STRAND5\OBJ\CHILDCALCMEMOWIN.OBJ ACBP=A9
 0001:00012BF9 00000324 C=CODE    S=_TEXT    G=(none)   M=D:\STRIBUK\_BCB\STRAND5\OBJ\CHILDLOGWIN.OBJ ACBP=A9
 0001:00012ED4 0000025D C=CODE    S=_TEXT    G=(none)   M=D:\STRIBUK\_BCB\STRAND5\OBJ\LOGGING.OBJ ACBP=A9
 0001:00013134 0000AD35 C=CODE    S=_TEXT    G=(none)   M=D:\STRIBUK\_BCB\STRAND5\OBJ\OPTIMIZATION.OBJ ACBP=A9
 0001:0001DE69 00000023 C=CODE    S=_TEXT    G=(none)   M=D:\STRIBUK\_BCB\STRAND5\OBJ\CALCFUNCTIONS.OBJ ACBP=A9
 0001:0001DE8C 00000185 C=CODE    S=_TEXT    G=(none)   M=D:\STRIBUK\_BCB\STRAND5\OBJ\CONFIG.OBJ ACBP=A9
 0001:0001DFC8 00000589 C=CODE    S=_TEXT    G=(none)   M=D:\STRIBUK\_BCB\STRAND5\OBJ\CHILDREGRMEMOWIN.OBJ ACBP=A9
 0001:0001E554 00000678 C=CODE    S=_TEXT    G=(none)   M=D:\STRIBUK\_BCB\STRAND5\OBJ\ADDPARM.OBJ ACBP=A9
 0001:0001EB6C 0000191F C=CODE    S=_TEXT    G=(none)   M=D:\STRIBUK\_BCB\STRAND5\OBJ\TREEPARM.OBJ ACBP=A9
 0001:0002042C 00000681 C=CODE    S=_TEXT    G=(none)   M=D:\STRIBUK\_BCB\STRAND5\OBJ\UTILS.OBJ ACBP=A9
 0001:00020AB0 00000091 C=CODE    S=_TEXT    G=(none)   M=D:\STRIBUK\_BCB\STRAND5\OBJ\MYSTATFUNCTIONS.OBJ ACBP=A9
 0001:00020B44 000075F5 C=CODE    S=_TEXT    G=(none)   M=D:\STRIBUK\_BCB\STRAND5\OBJ\TREECONSTRUCTOR.OBJ ACBP=A9
 0001:0002813C 00000F25 C=CODE    S=_TEXT    G=(none)   M=D:\STRIBUK\_BCB\STRAND5\OBJ\CORRELATIONGRIDUNIT.OBJ ACBP=A9
 0001:00029061 00000023 C=CODE    S=_TEXT    G=(none)   M=D:\STRIBUK\_BCB\STRAND5\OBJ\SETS.OBJ ACBP=A9
 0001:00029084 00000091 C=CODE    S=_TEXT    G=(none)   M=D:\STRIBUK\_BCB\STRAND5\OBJ\MAPS.OBJ ACBP=A9
 0001:00029115 00001F0B C=CODE    S=_TEXT    G=(none)   M=D:\STRIBUK\_BCB\STRAND5\OBJ\BLOCK.OBJ ACBP=A9
 0001:0002B020 00002050 C=CODE    S=_TEXT    G=(none)   M=D:\STRIBUK\_BCB\STRAND5\OBJ\CONNECTOR.OBJ ACBP=A9
 0001:0002D070 00000030 C=CODE    S=_TEXT    G=(none)   M=D:\STRIBUK\_BCB\STRAND5\OBJ\ELEMENT.OBJ ACBP=A9
 0001:0002D0A0 000001E8 C=CODE    S=_TEXT    G=(none)   M=D:\STRIBUK\_BCB\STRAND5\OBJ\ROMB.OBJ ACBP=A9
 0001:0002D288 000000EC C=CODE    S=_TEXT    G=(none)   M=D:\STRIBUK\_BCB\STRAND5\OBJ\ELEMENTPROPERTYU.OBJ ACBP=A9
 0001:0002D374 00003C0C C=CODE    S=_TEXT    G=(none)   M=D:\STRIBUK\_BCB\STRAND5\OBJ\CONTAINER.OBJ ACBP=A9
 0001:00030F80 000011F5 C=CODE    S=_TEXT    G=(none)   M=D:\STRIBUK\_BCB\STRAND5\OBJ\TREECONTAINER.OBJ ACBP=A9
 0001:00032175 000002E7 C=CODE    S=_TEXT    G=(none)   M=D:\STRIBUK\_BCB\STRAND5\OBJ\ROMBINDICATOR.OBJ ACBP=A9
 0001:0003245C 00000488 C=CODE    S=_TEXT    G=(none)   M=D:\STRIBUK\_BCB\STRAND5\OBJ\BLOCKINDICATOR.OBJ ACBP=A9
 0001:000328E4 000002A5 C=CODE    S=_TEXT    G=(none)   M=D:\STRIBUK\_BCB\STRAND5\OBJ\VARDESCRIPTIONSTA.OBJ ACBP=A9
 0001:00032B8C 0000039D C=CODE    S=_TEXT    G=(none)   M=D:\STRIBUK\_BCB\STRAND5\OBJ\VARDESCRIPTIONCALC.OBJ ACBP=A9
 0001:00032F2C 00000221 C=CODE    S=_TEXT    G=(none)   M=D:\STRIBUK\_BCB\STRAND5\OBJ\VARDESCRIPTIONSIMPLE.OBJ ACBP=A9
 0001:0003314D 0000020B C=CODE    S=_TEXT    G=(none)   M=D:\STRIBUK\_BCB\STRAND5\OBJ\FPSAVE.OBJ ACBP=A9
 0001:00033358 0000237D C=CODE    S=_TEXT    G=(none)   M=D:\STRIBUK\_BCB\STRAND5\OBJ\FPCONSTRUCTOR.OBJ ACBP=A9
 0001:000356D5 00000C63 C=CODE    S=_TEXT    G=(none)   M=D:\STRIBUK\_BCB\STRAND5\OBJ\FPCONTAINER.OBJ ACBP=A9
 0001:00036338 000004E9 C=CODE    S=_TEXT    G=(none)   M=D:\STRIBUK\_BCB\STRAND5\LIBMATPB55.LIB|arrayidx ACBP=A9
 0001:00036824 000000B9 C=CODE    S=_TEXT    G=(none)   M=D:\STRIBUK\_BCB\STRAND5\LIBMATPB55.LIB|mcccpp ACBP=A9
 0001:000368B0 000001BE C=CODE    S=_TEXT    G=(none)   M=D:\STRIBUK\_BCB\STRAND5\LIBMATPB55.LIB|matmtxif ACBP=A9
 0001:00036A14 00000A6C C=CODE    S=_TEXT    G=(none)   M=D:\STRIBUK\_BCB\STRAND5\LIBMATPB55.LIB|dblmtrx ACBP=A9
 0001:00037452 0000002E C=CODE    S=_TEXT    G=(none)   M=D:\STRIBUK\_BCB\STRAND5\LIBMATPB55.LIB|mlmexcpt ACBP=A9
 0001:00037480 0000052B C=CODE    S=_TEXT    G=(none)   M=D:\STRIBUK\_BCB\STRAND5\LIBMATPB55.LIB|nsubarry ACBP=A9
 0001:00037980 000007FF C=CODE    S=_TEXT    G=(none)   M=D:\STRIBUK\_BCB\STRAND5\LIBMATPB55.LIB|stdexcpt ACBP=A9
 0001:00038180 0000024A C=CODE    S=_TEXT    G=(none)   M=D:\STRIBUK\_BCB\STRAND5\LIBMATPB55.LIB|init ACBP=A9
 0001:0003839C 00000618 C=CODE    S=_TEXT    G=(none)   M=D:\STRIBUK\_BCB\STRAND5\LIBMATPB55.LIB|handler ACBP=A9
 0001:00038960 000009C4 C=CODE    S=_TEXT    G=(none)   M=D:\STRIBUK\_BCB\STRAND5\LIBMATPB55.LIB|varargin ACBP=A9
 0001:000392D0 000008F9 C=CODE    S=_TEXT    G=(none)   M=D:\STRIBUK\_BCB\STRAND5\LIBMATPB55.LIB|arrayread ACBP=A9
 0001:00039B9C 000039C9 C=CODE    S=_TEXT    G=(none)   M=D:\STRIBUK\_BCB\STRAND5\LIBMATPB55.LIB|arraywrite ACBP=A9
 0001:0003D537 0000001B C=CODE    S=_TEXT    G=(none)   M=C:\PROGRAM FILES\BORLAND\CBUILDER5\LIB\RELEASE\VCLE50.LIB|_t_Contr ACBP=A9
 0001:0003D54D 00000015 C=CODE    S=_TEXT    G=(none)   M=C:\PROGRAM FILES\BORLAND\CBUILDER5\LIB\RELEASE\VCLE50.LIB|_t_Forms ACBP=A9
 0001:0003D55D 0000001D C=CODE    S=_TEXT    G=(none)   M=C:\PROGRAM FILES\BORLAND\CBUILDER5\LIB\RELEASE\VCLE50.LIB|_t_Graph ACBP=A9
 0001:0003D575 00000C93 C=CODE    S=_TEXT    G=(none)   M=C:\PROGRAM FILES\BORLAND\CBUILDER5\LIB\RELEASE\VCLE50.LIB|dstring ACBP=A9
 0001:0003E1BC 000000CF C=CODE    S=_TEXT    G=(none)   M=C:\PROGRAM FILES\BORLAND\CBUILDER5\LIB\RELEASE\VCLE50.LIB|syssupp ACBP=A9
 0001:0003E23B 00000157 C=CODE    S=_TEXT    G=(none)   M=C:\PROGRAM FILES\BORLAND\CBUILDER5\LIB\RELEASE\VCLE50.LIB|vclinit ACBP=A9
 0001:0003E344 00000031 C=CODE    S=_TEXT    G=(none)   M=C:\PROGRAM FILES\BORLAND\CBUILDER5\LIB\RELEASE\VCLE50.LIB|classcre ACBP=A9
 0001:0003E378 0001389C C=CODE    S=_TEXT    G=(none)   M=C:\PROGRAM FILES\BORLAND\CBUILDER5\LIB\OBJ\JPEG.OBJ ACBP=A9
 0001:00051C14 00000050 C=CODE    S=_TEXT    G=(none)   M=C:\PROGRAM FILES\BORLAND\CBUILDER5\LIB\OBJ\JCONSTS.OBJ ACBP=A9
 0002:00000494 000000A4 C=DATA    S=_DATA    G=DGROUP   M=C:\PROGRAM FILES\BORLAND\CBUILDER5\LIB\C0W32.OBJ ACBP=A9
 0002:00000538 00000010 C=DATA    S=_DATA    G=DGROUP   M=C:\PROGRAM FILES\BORLAND\CBUILDER5\LIB\RELEASE\VCL50.BPI|windows.pas ACBP=A9
 0002:00000538 00000010 C=DATA    S=_DATA    G=DGROUP   M=C:\PROGRAM FILES\BORLAND\CBUILDER5\LIB\RELEASE\VCL50.BPI|URLMon.pas ACBP=A9
 0002:00000538 00000010 C=DATA    S=_DATA    G=DGROUP   M=C:\PROGRAM FILES\BORLAND\CBUILDER5\LIB\RELEASE\VCL50.BPI|ShlObj.pas ACBP=A9
 0002:00000538 0000002C C=DATA    S=_DATA    G=DGROUP   M=C:\PROGRAM FILES\BORLAND\CBUILDER5\LIB\OBJ\SYSINIT.OBJ ACBP=A9
 0002:00000554 0000134D C=DATA    S=_DATA    G=DGROUP   M=D:\STRIBUK\_BCB\STRAND5\OBJ\MAIN.OBJ ACBP=A9
 0002:000018A0 000004E8 C=DATA    S=_DATA    G=DGROUP   M=D:\STRIBUK\_BCB\STRAND5\OBJ\ABOUT.OBJ ACBP=A9
 0002:00001D74 000003CB C=DATA    S=_DATA    G=DGROUP   M=D:\STRIBUK\_BCB\STRAND5\OBJ\CHILDGRIDWIN.OBJ ACBP=A9
 0002:00002140 0000182D C=DATA    S=_DATA    G=DGROUP   M=D:\STRIBUK\_BCB\STRAND5\OBJ\GRIDARRAY.OBJ ACBP=A9
 0002:0000396C 000003E5 C=DATA    S=_DATA    G=DGROUP   M=D:\STRIBUK\_BCB\STRAND5\OBJ\ODNOMANALIZ.OBJ ACBP=A9
 0002:00003D50 000005F5 C=DATA    S=_DATA    G=DGROUP   M=D:\STRIBUK\_BCB\STRAND5\OBJ\MATRIXFUNCTIONS.OBJ ACBP=A9
 0002:00004344 00000024 C=DATA    S=_DATA    G=DGROUP   M=D:\STRIBUK\_BCB\STRAND5\OBJ\PROGRESS.OBJ ACBP=A9
 0002:00004368 00000054 C=DATA    S=_DATA    G=DGROUP   M=C:\PROGRAM FILES\BORLAND\CBUILDER5\LIB\CP32MTI.LIB|vdelldtc ACBP=A9
 0002:000043BC 00000074 C=DATA    S=_DATA    G=DGROUP   M=C:\PROGRAM FILES\BORLAND\CBUILDER5\LIB\CP32MTI.LIB|vnewldtc ACBP=A9
 0002:00004430 00000024 C=DATA    S=_DATA    G=DGROUP   M=C:\PROGRAM FILES\BORLAND\CBUILDER5\LIB\CP32MTI.LIB|vclshmem ACBP=A9
 0002:00004454 000000E4 C=DATA    S=_DATA    G=DGROUP   M=C:\PROGRAM FILES\BORLAND\CBUILDER5\LIB\CP32MTI.LIB|xxv ACBP=A9
 0002:00004538 00000004 C=DATA    S=_DATA    G=DGROUP   M=C:\PROGRAM FILES\BORLAND\CBUILDER5\LIB\CP32MTI.LIB|xx_xpf ACBP=A9
 0002:0000453C 00000004 C=DATA    S=_DATA    G=DGROUP   M=C:\PROGRAM FILES\BORLAND\CBUILDER5\LIB\CP32MTI.LIB|fmode ACBP=A9
 0002:00004540 00000004 C=DATA    S=_DATA    G=DGROUP   M=C:\PROGRAM FILES\BORLAND\CBUILDER5\LIB\CP32MTI.LIB|cfinfo ACBP=A9
 0002:00004544 00000004 C=DATA    S=_DATA    G=DGROUP   M=C:\PROGRAM FILES\BORLAND\CBUILDER5\LIB\CP32MTI.LIB|xinitcvt ACBP=A9
 0002:00004548 00000020 C=DATA    S=_DATA    G=DGROUP   M=C:\PROGRAM FILES\BORLAND\CBUILDER5\LIB\CP32MTI.LIB|pureerr ACBP=A9
 0002:00004568 00000004 C=DATA    S=_DATA    G=DGROUP   M=C:\PROGRAM FILES\BORLAND\CBUILDER5\LIB\CP32MTI.LIB|setargv2 ACBP=A9
 0002:0000456C 00000004 C=DATA    S=_DATA    G=DGROUP   M=C:\PROGRAM FILES\BORLAND\CBUILDER5\LIB\CP32MTI.LIB|wildptr ACBP=A9
 0002:00004570 00000004 C=DATA    S=_DATA    G=DGROUP   M=C:\PROGRAM FILES\BORLAND\CBUILDER5\LIB\CP32MTI.LIB|wwildptr ACBP=A9
 0002:00004574 00000004 C=DATA    S=_DATA    G=DGROUP   M=C:\PROGRAM FILES\BORLAND\CBUILDER5\LIB\CP32MTI.LIB|xsetenvp ACBP=A9
 0002:00004578 00000079 C=DATA    S=_DATA    G=DGROUP   M=D:\STRIBUK\_BCB\STRAND5\OBJ\GRAPHING.OBJ ACBP=A9
 0002:000045F0 00000D35 C=DATA    S=_DATA    G=DGROUP   M=D:\STRIBUK\_BCB\STRAND5\OBJ\CALCMFUNCTIONS.OBJ ACBP=A9
 0002:00005324 0000052D C=DATA    S=_DATA    G=DGROUP   M=D:\STRIBUK\_BCB\STRAND5\OBJ\CHILDCALCMEMOWIN.OBJ ACBP=A9
 0002:00005850 0000027C C=DATA    S=_DATA    G=DGROUP   M=D:\STRIBUK\_BCB\STRAND5\OBJ\CHILDLOGWIN.OBJ ACBP=A9
 0002:00005AB8 000000C1 C=DATA    S=_DATA    G=DGROUP   M=D:\STRIBUK\_BCB\STRAND5\OBJ\LOGGING.OBJ ACBP=A9
 0002:00005B78 00003A91 C=DATA    S=_DATA    G=DGROUP   M=D:\STRIBUK\_BCB\STRAND5\OBJ\OPTIMIZATION.OBJ ACBP=A9
 0002:00009608 00000014 C=DATA    S=_DATA    G=DGROUP   M=D:\STRIBUK\_BCB\STRAND5\OBJ\CALCFUNCTIONS.OBJ ACBP=A9
 0002:00009608 000002CC C=DATA    S=_DATA    G=DGROUP   M=D:\STRIBUK\_BCB\STRAND5\OBJ\CONFIG.OBJ ACBP=A9
 0002:000098C0 00000331 C=DATA    S=_DATA    G=DGROUP   M=D:\STRIBUK\_BCB\STRAND5\OBJ\CHILDREGRMEMOWIN.OBJ ACBP=A9
 0002:00009BF0 00000355 C=DATA    S=_DATA    G=DGROUP   M=D:\STRIBUK\_BCB\STRAND5\OBJ\ADDPARM.OBJ ACBP=A9
 0002:00009F44 00000A6B C=DATA    S=_DATA    G=DGROUP   M=D:\STRIBUK\_BCB\STRAND5\OBJ\TREEPARM.OBJ ACBP=A9
 0002:0000A9B0 00000191 C=DATA    S=_DATA    G=DGROUP   M=D:\STRIBUK\_BCB\STRAND5\OBJ\UTILS.OBJ ACBP=A9
 0002:0000AB40 00000035 C=DATA    S=_DATA    G=DGROUP   M=D:\STRIBUK\_BCB\STRAND5\OBJ\MYSTATFUNCTIONS.OBJ ACBP=A9
 0002:0000AB74 00000E55 C=DATA    S=_DATA    G=DGROUP   M=D:\STRIBUK\_BCB\STRAND5\OBJ\TREECONSTRUCTOR.OBJ ACBP=A9
 0002:0000B9C8 000003B5 C=DATA    S=_DATA    G=DGROUP   M=D:\STRIBUK\_BCB\STRAND5\OBJ\CORRELATIONGRIDUNIT.OBJ ACBP=A9
 0002:0000BD7C 00000001 C=DATA    S=_DATA    G=DGROUP   M=D:\STRIBUK\_BCB\STRAND5\OBJ\SETS.OBJ ACBP=A9
 0002:0000BD7C 0000028D C=DATA    S=_DATA    G=DGROUP   M=D:\STRIBUK\_BCB\STRAND5\OBJ\MAPS.OBJ ACBP=A9
 0002:0000C008 0000044C C=DATA    S=_DATA    G=DGROUP   M=D:\STRIBUK\_BCB\STRAND5\OBJ\BLOCK.OBJ ACBP=A9
 0002:0000C440 00000195 C=DATA    S=_DATA    G=DGROUP   M=D:\STRIBUK\_BCB\STRAND5\OBJ\CONNECTOR.OBJ ACBP=A9
 0002:0000C5D4 000000C4 C=DATA    S=_DATA    G=DGROUP   M=D:\STRIBUK\_BCB\STRAND5\OBJ\ROMB.OBJ ACBP=A9
 0002:0000C690 0000001C C=DATA    S=_DATA    G=DGROUP   M=D:\STRIBUK\_BCB\STRAND5\OBJ\ELEMENTPROPERTYU.OBJ ACBP=A9
 0002:0000C698 00000651 C=DATA    S=_DATA    G=DGROUP   M=D:\STRIBUK\_BCB\STRAND5\OBJ\CONTAINER.OBJ ACBP=A9
 0002:0000CCE8 000003AC C=DATA    S=_DATA    G=DGROUP   M=D:\STRIBUK\_BCB\STRAND5\OBJ\TREECONTAINER.OBJ ACBP=A9
 0002:0000D093 000000C5 C=DATA    S=_DATA    G=DGROUP   M=D:\STRIBUK\_BCB\STRAND5\OBJ\ROMBINDICATOR.OBJ ACBP=A9
 0002:0000D150 000000C4 C=DATA    S=_DATA    G=DGROUP   M=D:\STRIBUK\_BCB\STRAND5\OBJ\BLOCKINDICATOR.OBJ ACBP=A9
 0002:0000D20C 000000E5 C=DATA    S=_DATA    G=DGROUP   M=D:\STRIBUK\_BCB\STRAND5\OBJ\VARDESCRIPTIONSTA.OBJ ACBP=A9
 0002:0000D2F0 00000135 C=DATA    S=_DATA    G=DGROUP   M=D:\STRIBUK\_BCB\STRAND5\OBJ\VARDESCRIPTIONCALC.OBJ ACBP=A9
 0002:0000D424 000000B9 C=DATA    S=_DATA    G=DGROUP   M=D:\STRIBUK\_BCB\STRAND5\OBJ\VARDESCRIPTIONSIMPLE.OBJ ACBP=A9
 0002:0000D4DC 00000214 C=DATA    S=_DATA    G=DGROUP   M=D:\STRIBUK\_BCB\STRAND5\OBJ\FPSAVE.OBJ ACBP=A9
 0002:0000D6DC 00000D39 C=DATA    S=_DATA    G=DGROUP   M=D:\STRIBUK\_BCB\STRAND5\OBJ\FPCONSTRUCTOR.OBJ ACBP=A9
 0002:0000E414 000001CA C=DATA    S=_DATA    G=DGROUP   M=D:\STRIBUK\_BCB\STRAND5\OBJ\FPCONTAINER.OBJ ACBP=A9
 0002:0000E5E0 000001BD C=DATA    S=_DATA    G=DGROUP   M=D:\STRIBUK\_BCB\STRAND5\LIBMATPB55.LIB|arrayidx ACBP=A9
 0002:0000E79C 00000031 C=DATA    S=_DATA    G=DGROUP   M=D:\STRIBUK\_BCB\STRAND5\LIBMATPB55.LIB|mcccpp ACBP=A9
 0002:0000E7CC 00000055 C=DATA    S=_DATA    G=DGROUP   M=D:\STRIBUK\_BCB\STRAND5\LIBMATPB55.LIB|matmtxif ACBP=A9
 0002:0000E820 0000046D C=DATA    S=_DATA    G=DGROUP   M=D:\STRIBUK\_BCB\STRAND5\LIBMATPB55.LIB|dblmtrx ACBP=A9
 0002:0000EC8C 0000000C C=DATA    S=_DATA    G=DGROUP   M=D:\STRIBUK\_BCB\STRAND5\LIBMATPB55.LIB|mlmexcpt ACBP=A9
 0002:0000EC98 00000345 C=DATA    S=_DATA    G=DGROUP   M=D:\STRIBUK\_BCB\STRAND5\LIBMATPB55.LIB|nsubarry ACBP=A9
 0002:0000EFDC 00000335 C=DATA    S=_DATA    G=DGROUP   M=D:\STRIBUK\_BCB\STRAND5\LIBMATPB55.LIB|stdexcpt ACBP=A9
 0002:0000F310 00000085 C=DATA    S=_DATA    G=DGROUP   M=D:\STRIBUK\_BCB\STRAND5\LIBMATPB55.LIB|init ACBP=A9
 0002:0000F394 00000401 C=DATA    S=_DATA    G=DGROUP   M=D:\STRIBUK\_BCB\STRAND5\LIBMATPB55.LIB|handler ACBP=A9
 0002:0000F794 00000275 C=DATA    S=_DATA    G=DGROUP   M=D:\STRIBUK\_BCB\STRAND5\LIBMATPB55.LIB|varargin ACBP=A9
 0002:0000FA08 000005B1 C=DATA    S=_DATA    G=DGROUP   M=D:\STRIBUK\_BCB\STRAND5\LIBMATPB55.LIB|arrayread ACBP=A9
 0002:0000FFB8 0000125D C=DATA    S=_DATA    G=DGROUP   M=D:\STRIBUK\_BCB\STRAND5\LIBMATPB55.LIB|arraywrite ACBP=A9
 0002:00011214 00000520 C=DATA    S=_DATA    G=DGROUP   M=C:\PROGRAM FILES\BORLAND\CBUILDER5\LIB\RELEASE\VCLE50.LIB|dstring ACBP=A9
 0002:00011720 00000078 C=DATA    S=_DATA    G=DGROUP   M=C:\PROGRAM FILES\BORLAND\CBUILDER5\LIB\RELEASE\VCLE50.LIB|syssupp ACBP=A9
 0002:00011798 0000006C C=DATA    S=_DATA    G=DGROUP   M=C:\PROGRAM FILES\BORLAND\CBUILDER5\LIB\RELEASE\VCLE50.LIB|vclinit ACBP=A9
 0002:00011804 000008F8 C=DATA    S=_DATA    G=DGROUP   M=C:\PROGRAM FILES\BORLAND\CBUILDER5\LIB\OBJ\JPEG.OBJ ACBP=A9
 0002:000120FC 0000001C C=DATA    S=_DATA    G=DGROUP   M=<internal> ACBP=A9
 0003:00000000 00000004 C=BSS     S=_BSS     G=DGROUP   M=C:\PROGRAM FILES\BORLAND\CBUILDER5\LIB\RELEASE\VCL50.BPI|windows.pas ACBP=A9
 0003:00000004 00000004 C=BSS     S=_BSS     G=DGROUP   M=C:\PROGRAM FILES\BORLAND\CBUILDER5\LIB\RELEASE\VCL50.BPI|Messages.pas ACBP=A9
 0003:00000008 0000000C C=BSS     S=_BSS     G=DGROUP   M=C:\PROGRAM FILES\BORLAND\CBUILDER5\LIB\RELEASE\VCL50.BPI|commctrl.pas ACBP=A9
 0003:00000014 00000004 C=BSS     S=_BSS     G=DGROUP   M=C:\PROGRAM FILES\BORLAND\CBUILDER5\LIB\RELEASE\VCL50.BPI|ShellAPI.pas ACBP=A9
 0003:00000018 00000004 C=BSS     S=_BSS     G=DGROUP   M=C:\PROGRAM FILES\BORLAND\CBUILDER5\LIB\RELEASE\VCL50.BPI|RegStr.pas ACBP=A9
 0003:0000001C 00000004 C=BSS     S=_BSS     G=DGROUP   M=C:\PROGRAM FILES\BORLAND\CBUILDER5\LIB\RELEASE\VCL50.BPI|WinINet.pas ACBP=A9
 0003:00000020 00000004 C=BSS     S=_BSS     G=DGROUP   M=C:\PROGRAM FILES\BORLAND\CBUILDER5\LIB\RELEASE\VCL50.BPI|URLMon.pas ACBP=A9
 0003:00000024 00000004 C=BSS     S=_BSS     G=DGROUP   M=C:\PROGRAM FILES\BORLAND\CBUILDER5\LIB\RELEASE\VCL50.BPI|ShlObj.pas ACBP=A9
 0003:00000028 00000004 C=BSS     S=_BSS     G=DGROUP   M=C:\PROGRAM FILES\BORLAND\CBUILDER5\LIB\RELEASE\VCL50.BPI|commdlg.pas ACBP=A9
 0003:0000002C 00000004 C=BSS     S=_BSS     G=DGROUP   M=C:\PROGRAM FILES\BORLAND\CBUILDER5\LIB\RELEASE\VCL50.BPI|dlgs.pas ACBP=A9
 0003:00000030 00000004 C=BSS     S=_BSS     G=DGROUP   M=C:\PROGRAM FILES\BORLAND\CBUILDER5\LIB\RELEASE\VCL50.BPI|imm.pas ACBP=A9
 0003:00000034 00000004 C=BSS     S=_BSS     G=DGROUP   M=C:\PROGRAM FILES\BORLAND\CBUILDER5\LIB\RELEASE\VCL50.BPI|richedit.pas ACBP=A9
 0003:00000038 00000004 C=BSS     S=_BSS     G=DGROUP   M=C:\PROGRAM FILES\BORLAND\CBUILDER5\LIB\RELEASE\VCL50.BPI|winspool.pas ACBP=A9
 0003:0000003C 0000001C C=BSS     S=_BSS     G=DGROUP   M=C:\PROGRAM FILES\BORLAND\CBUILDER5\LIB\OBJ\SYSINIT.OBJ ACBP=A9
 0003:00000058 00000004 C=BSS     S=_BSS     G=DGROUP   M=D:\STRIBUK\_BCB\STRAND5\OBJ\THISPROGRAMINGSU.OBJ ACBP=A9
 0003:0000005C 00000054 C=BSS     S=_BSS     G=DGROUP   M=D:\STRIBUK\_BCB\STRAND5\OBJ\MAIN.OBJ ACBP=A9
 0003:000000B0 00000004 C=BSS     S=_BSS     G=DGROUP   M=D:\STRIBUK\_BCB\STRAND5\OBJ\ABOUT.OBJ ACBP=A9
 0003:000000B4 00000008 C=BSS     S=_BSS     G=DGROUP   M=D:\STRIBUK\_BCB\STRAND5\OBJ\CHILDGRIDWIN.OBJ ACBP=A9
 0003:000000BC 00000044 C=BSS     S=_BSS     G=DGROUP   M=D:\STRIBUK\_BCB\STRAND5\OBJ\GRIDARRAY.OBJ ACBP=A9
 0003:00000100 00000018 C=BSS     S=_BSS     G=DGROUP   M=D:\STRIBUK\_BCB\STRAND5\OBJ\ODNOMANALIZ.OBJ ACBP=A9
 0003:00000118 0000000C C=BSS     S=_BSS     G=DGROUP   M=D:\STRIBUK\_BCB\STRAND5\OBJ\MATRIXFUNCTIONS.OBJ ACBP=A9
 0003:00000124 00000014 C=BSS     S=_BSS     G=DGROUP   M=D:\STRIBUK\_BCB\STRAND5\OBJ\PROGRESS.OBJ ACBP=A9
 0003:00000138 00000008 C=BSS     S=_BSS     G=DGROUP   M=C:\PROGRAM FILES\BORLAND\CBUILDER5\LIB\CP32MTI.LIB|xxv ACBP=A9
 0003:00000140 00000008 C=BSS     S=_BSS     G=DGROUP   M=C:\PROGRAM FILES\BORLAND\CBUILDER5\LIB\CP32MTI.LIB|setargv2 ACBP=A9
 0003:00000148 00000004 C=BSS     S=_BSS     G=DGROUP   M=D:\STRIBUK\_BCB\STRAND5\OBJ\DISTRIBUTIONS.OBJ ACBP=A9
 0003:0000014C 0000001C C=BSS     S=_BSS     G=DGROUP   M=D:\STRIBUK\_BCB\STRAND5\OBJ\GRAPHING.OBJ ACBP=A9
 0003:00000168 0000000C C=BSS     S=_BSS     G=DGROUP   M=D:\STRIBUK\_BCB\STRAND5\OBJ\CALCMFUNCTIONS.OBJ ACBP=A9
 0003:00000174 00000010 C=BSS     S=_BSS     G=DGROUP   M=D:\STRIBUK\_BCB\STRAND5\OBJ\CHILDCALCMEMOWIN.OBJ ACBP=A9
 0003:00000184 00000010 C=BSS     S=_BSS     G=DGROUP   M=D:\STRIBUK\_BCB\STRAND5\OBJ\LOGGING.OBJ ACBP=A9
 0003:00000194 00000068 C=BSS     S=_BSS     G=DGROUP   M=D:\STRIBUK\_BCB\STRAND5\OBJ\OPTIMIZATION.OBJ ACBP=A9
 0003:000001FC 00000004 C=BSS     S=_BSS     G=DGROUP   M=D:\STRIBUK\_BCB\STRAND5\OBJ\CALCFUNCTIONS.OBJ ACBP=A9
 0003:00000200 00000004 C=BSS     S=_BSS     G=DGROUP   M=D:\STRIBUK\_BCB\STRAND5\OBJ\CONFIG.OBJ ACBP=A9
 0003:00000204 00000010 C=BSS     S=_BSS     G=DGROUP   M=D:\STRIBUK\_BCB\STRAND5\OBJ\CHILDREGRMEMOWIN.OBJ ACBP=A9
 0003:00000214 0000000C C=BSS     S=_BSS     G=DGROUP   M=D:\STRIBUK\_BCB\STRAND5\OBJ\ADDPARM.OBJ ACBP=A9
 0003:00000220 000009C8 C=BSS     S=_BSS     G=DGROUP   M=D:\STRIBUK\_BCB\STRAND5\OBJ\TREEPARM.OBJ ACBP=A9
 0003:00000BE8 0000000C C=BSS     S=_BSS     G=DGROUP   M=D:\STRIBUK\_BCB\STRAND5\OBJ\UTILS.OBJ ACBP=A9
 0003:00000BF4 000003A4 C=BSS     S=_BSS     G=DGROUP   M=D:\STRIBUK\_BCB\STRAND5\OBJ\MYSTATFUNCTIONS.OBJ ACBP=A9
 0003:00000F98 00000010 C=BSS     S=_BSS     G=DGROUP   M=D:\STRIBUK\_BCB\STRAND5\OBJ\TREECONSTRUCTOR.OBJ ACBP=A9
 0003:00000FA8 0000000C C=BSS     S=_BSS     G=DGROUP   M=D:\STRIBUK\_BCB\STRAND5\OBJ\CORRELATIONGRIDUNIT.OBJ ACBP=A9
 0003:00000FB4 00000004 C=BSS     S=_BSS     G=DGROUP   M=D:\STRIBUK\_BCB\STRAND5\OBJ\SETS.OBJ ACBP=A9
 0003:00000FB8 0000000C C=BSS     S=_BSS     G=DGROUP   M=D:\STRIBUK\_BCB\STRAND5\OBJ\MAPS.OBJ ACBP=A9
 0003:00000FC4 00000004 C=BSS     S=_BSS     G=DGROUP   M=D:\STRIBUK\_BCB\STRAND5\OBJ\BLOCK.OBJ ACBP=A9
 0003:00000FC8 00000004 C=BSS     S=_BSS     G=DGROUP   M=D:\STRIBUK\_BCB\STRAND5\OBJ\CONNECTOR.OBJ ACBP=A9
 0003:00000FCC 00000004 C=BSS     S=_BSS     G=DGROUP   M=D:\STRIBUK\_BCB\STRAND5\OBJ\ELEMENT.OBJ ACBP=A9
 0003:00000FD0 00000004 C=BSS     S=_BSS     G=DGROUP   M=D:\STRIBUK\_BCB\STRAND5\OBJ\ROMB.OBJ ACBP=A9
 0003:00000FD4 00000004 C=BSS     S=_BSS     G=DGROUP   M=D:\STRIBUK\_BCB\STRAND5\OBJ\ELEMENTPROPERTYU.OBJ ACBP=A9
 0003:00000FD8 00000010 C=BSS     S=_BSS     G=DGROUP   M=D:\STRIBUK\_BCB\STRAND5\OBJ\CONTAINER.OBJ ACBP=A9
 0003:00000FE8 00000044 C=BSS     S=_BSS     G=DGROUP   M=D:\STRIBUK\_BCB\STRAND5\OBJ\TREECONTAINER.OBJ ACBP=A9
 0003:0000102C 00000004 C=BSS     S=_BSS     G=DGROUP   M=D:\STRIBUK\_BCB\STRAND5\OBJ\ROMBINDICATOR.OBJ ACBP=A9
 0003:00001030 00000004 C=BSS     S=_BSS     G=DGROUP   M=D:\STRIBUK\_BCB\STRAND5\OBJ\BLOCKINDICATOR.OBJ ACBP=A9
 0003:00001034 0000000C C=BSS     S=_BSS     G=DGROUP   M=D:\STRIBUK\_BCB\STRAND5\OBJ\VARDESCRIPTIONSTA.OBJ ACBP=A9
 0003:00001040 0000000C C=BSS     S=_BSS     G=DGROUP   M=D:\STRIBUK\_BCB\STRAND5\OBJ\VARDESCRIPTIONCALC.OBJ ACBP=A9
 0003:0000104C 0000000C C=BSS     S=_BSS     G=DGROUP   M=D:\STRIBUK\_BCB\STRAND5\OBJ\VARDESCRIPTIONSIMPLE.OBJ ACBP=A9
 0003:00001058 00000008 C=BSS     S=_BSS     G=DGROUP   M=D:\STRIBUK\_BCB\STRAND5\OBJ\FPSAVE.OBJ ACBP=A9
 0003:00001060 00000010 C=BSS     S=_BSS     G=DGROUP   M=D:\STRIBUK\_BCB\STRAND5\OBJ\FPCONSTRUCTOR.OBJ ACBP=A9
 0003:00001070 00000004 C=BSS     S=_BSS     G=DGROUP   M=D:\STRIBUK\_BCB\STRAND5\OBJ\FPCONTAINER.OBJ ACBP=A9
 0003:00001074 00000008 C=BSS     S=_BSS     G=DGROUP   M=D:\STRIBUK\_BCB\STRAND5\LIBMATPB55.LIB|arrayidx ACBP=A9
 0003:0000107C 00000008 C=BSS     S=_BSS     G=DGROUP   M=D:\STRIBUK\_BCB\STRAND5\LIBMATPB55.LIB|mcccpp ACBP=A9
 0003:00001084 00000008 C=BSS     S=_BSS     G=DGROUP   M=D:\STRIBUK\_BCB\STRAND5\LIBMATPB55.LIB|matmtxif ACBP=A9
 0003:0000108C 00000018 C=BSS     S=_BSS     G=DGROUP   M=D:\STRIBUK\_BCB\STRAND5\LIBMATPB55.LIB|dblmtrx ACBP=A9
 0003:000010A4 00001000 C=BSS     S=_BSS     G=DGROUP   M=D:\STRIBUK\_BCB\STRAND5\LIBMATPB55.LIB|mlmexcpt ACBP=A9
 0003:000020A4 00000008 C=BSS     S=_BSS     G=DGROUP   M=D:\STRIBUK\_BCB\STRAND5\LIBMATPB55.LIB|nsubarry ACBP=A9
 0003:000020AC 00000008 C=BSS     S=_BSS     G=DGROUP   M=D:\STRIBUK\_BCB\STRAND5\LIBMATPB55.LIB|stdexcpt ACBP=A9
 0003:000020B4 00000008 C=BSS     S=_BSS     G=DGROUP   M=D:\STRIBUK\_BCB\STRAND5\LIBMATPB55.LIB|init ACBP=A9
 0003:000020BC 00000008 C=BSS     S=_BSS     G=DGROUP   M=D:\STRIBUK\_BCB\STRAND5\LIBMATPB55.LIB|handler ACBP=A9
 0003:000020C4 00000008 C=BSS     S=_BSS     G=DGROUP   M=D:\STRIBUK\_BCB\STRAND5\LIBMATPB55.LIB|varargin ACBP=A9
 0003:000020CC 00000008 C=BSS     S=_BSS     G=DGROUP   M=D:\STRIBUK\_BCB\STRAND5\LIBMATPB55.LIB|arrayread ACBP=A9
 0003:000020D4 00000014 C=BSS     S=_BSS     G=DGROUP   M=D:\STRIBUK\_BCB\STRAND5\LIBMATPB55.LIB|arraywrite ACBP=A9
 0003:000020E8 00000004 C=BSS     S=_BSS     G=DGROUP   M=C:\PROGRAM FILES\BORLAND\CBUILDER5\LIB\OBJ\JPEG.OBJ ACBP=A9
 0003:000020EC 00000004 C=BSS     S=_BSS     G=DGROUP   M=C:\PROGRAM FILES\BORLAND\CBUILDER5\LIB\OBJ\JCONSTS.OBJ ACBP=A9
 0004:00000000 0000009C C=TLS     S=_TLS     G=DGROUP   M=C:\PROGRAM FILES\BORLAND\CBUILDER5\LIB\CP32MTI.LIB|xxv ACBP=A9

  Address         Publics by Name

 0003:00000FC4      Block::B56_3
 0002:0000C008      Block::D56_1
 0003:00001030      Blockindicator::B65_3
 0003:000001FC      Calcfunctions::B45_3
 0003:00000168      Calcmfunctions::B40_2
 0003:00000170      Calcmfunctions::B40_3
 0001:00010640      Calcmfunctions::C40_0
 0002:000045F0      Calcmfunctions::D40_1
 0003:00000204      Childregrmemowin::B47_2
 0003:00000210      Childregrmemowin::B47_3
 0001:0001DFC8      Childregrmemowin::C47_0
 0002:000098C0      Childregrmemowin::D47_1
 0001:00004A5C      CloseAllDependentWindows()
 0003:00000008      Commctrl::B99_1
 0003:00000028      Commdlg::B111_1
 0001:00004A9C      CompareVars(System::AnsiString, System::AnsiString)
 0003:00000FC8      Connector::B58_3
 0002:0000C440      Connector::D58_1
 0003:00000FD8      Container::B62_2
 0003:00000FE4      Container::B62_3
 0002:0000C698      Container::D62_1
 0003:000000A0      Corr
 0001:0000E6F0      Correlation(System::DynamicArray<double>&, System::DynamicArray<double>&)
 0003:00000FA8      Correlationgridunit::B53_2
 0003:00000FB0      Correlationgridunit::B53_3
 0001:0002813C      Correlationgridunit::C53_0
 0002:0000B9C8      Correlationgridunit::D53_1
 0001:00000BF0      DeleteElement(System::DynamicArray<int>&, int)
 0003:00000148      Distributions::B38_2
 0003:0000002C      Dlgs::B115_1
 0003:00000FCC      Element::B59_2
 0003:00000FD4      Elementpropertyu::B61_3
 0003:00001060      Fpconstructor::B70_2
 0003:0000106C      Fpconstructor::B70_3
 0001:00033358      Fpconstructor::C70_0
 0002:0000D6DC      Fpconstructor::D70_1
 0003:00001070      Fpcontainer::B71_3
 0002:0000E414      Fpcontainer::D71_1
 0003:00001058      Fpsave::B69_2
 0003:0000105C      Fpsave::B69_3
 0003:00000158      G
 0001:0001321C      GETVARID(char *)
 0001:00006C58      GETVARID_gridarray(char *)
 0001:000134EC      GETVARVALUE(int)
 0001:000088AC      GETVARVALUE_gridarray(int)
 0001:00020BC8      GetVarName(int)
 0001:00020C98      GetVarValue(int)
 0003:0000014C      Graphing::B39_2
 0003:00000164      Graphing::B39_3
 0001:00010400      Graphing::C39_0
 0002:00004578      Graphing::D39_1
 0003:000000BC      Gridarray::B32_2
 0003:000000FC      Gridarray::B32_3
 0001:00006A68      Gridarray::C32_0
 0002:00002140      Gridarray::D32_1
 0003:00000030      Imm::B117_1
 0003:000020EC      Jconsts::B1166_1
 0001:FFC0EFF0      Jconsts::_16386
 0001:FFC0EFF1      Jconsts::_16388
 0001:FFC0EFF2      Jconsts::_16390
 0001:00051C14      Jconsts::_sChangeJPGSize
 0001:00051C1C      Jconsts::_sJPEGError
 0001:00051C24      Jconsts::_sJPEGImageFile
 0003:000020E8      Jpeg::B982_2
 0001:0003E378      Jpeg::C982_0
 0002:00011804      Jpeg::D982_1
 0002:00012080      Jpeg::JPEGDefaults
 0001:0004ECF0      Jpeg::TJPEGData:: (rtti)
 0001:0004ED4C      Jpeg::TJPEGImage:: (rtti)
 0001:000207CC      LoadFont(Classes::TFileStream *, Graphics::TFont *)
 0001:000209FC      LoadStringA(Classes::TFileStream *, System::AnsiString&)
 0001:00013000      LogAdd(System::AnsiString)
 0001:00013088      LogClose()
 0001:00012F38      LogOpen(System::AnsiString)
 0003:00000184      Logging::B43_2
 0003:00000190      Logging::B43_3
 0001:00012ED4      Logging::C43_0
 0002:00005AB8      Logging::D43_1
 0003:0000005C      Main::B29_2
 0003:000000AC      Main::B29_3
 0001:00000658      Main::C29_0
 0002:00000554      Main::D29_1
 0003:00000FB8      Maps::B55_2
 0003:00000FC0      Maps::B55_3
 0001:00029084      Maps::C55_0
 0002:0000BD7C      Maps::D55_1
 0001:00016BC0      MathWorks::abs(const mwArray&)
 0001:0003AEB0      MathWorks::ceil(const mwArray&)
 0001:0000C8F4      MathWorks::colon(const mwArray&, const mwArray&, const mwArray&)
 0001:00016C9C      MathWorks::corrcoef(const mwArray&, const mwArray&)
 0001:00016D20      MathWorks::ctranspose(const mwArray&)
 0001:00016964      MathWorks::eps()
 0001:00036F28      MathWorks::error(const mwArray&)
 0001:00016E68      MathWorks::eye(const mwArray&, const mwArray&)
 0001:0003B084      MathWorks::finite(const mwArray&)
 0001:0003AD4C      MathWorks::fix(const mwArray&)
 0001:0003AE34      MathWorks::floor(const mwArray&)
 0001:0003AC1C      MathWorks::imag(const mwArray&)
 0001:00039B20      MathWorks::ischar(const mwArray&)
 0001:0003AA1C      MathWorks::iscomplex(const mwArray&)
 0001:0003CAEC      MathWorks::isinf(const mwArray&)
 0001:0003AF98      MathWorks::isnan(const mwArray&)
 0001:00037CB4      MathWorks::lasterr(const mwArray&)
 0001:0001643C      MathWorks::length(const mwArray&)
 0001:0003D464      MathWorks::log(const mwArray&)
 0001:0003D3E8      MathWorks::logical(const mwArray&)
 0001:0003AB10      MathWorks::max(mwArray, mwArray, mwArray)
 0001:00016578      MathWorks::min(mwArray, mwArray, mwArray)
 0001:00011E14      MathWorks::minus(const mwArray&, const mwArray&)
 0001:00017114      MathWorks::mldivide(const mwArray&, const mwArray&)
 0001:00016AAC      MathWorks::norm(const mwArray&, const mwArray&)
 0001:000140DC      MathWorks::ones(const mwVarargin&, const mwArray&, const mwArray&, const mwArray&, const mwArray&, const mwArray&, const mwArray&, const mwArray&, const mwArray&, const mwArray&, const mwArray&, const mwArray&, const mwArray&, const mwArray&, const mwArray&, const mwArray&, const mwArray&, const mwArray&, const mwArray&, const mwArray&, const mwArray&, const mwArray&, const mwArray&, const mwArray&, const mwArray&, const mwArray&, const mwArray&, const mwArray&, const mwArray&, const mwArray&, const mwArray&, const mwArray&)
 0001:00011D70      MathWorks::plus(const mwArray&, const mwArray&)
 0001:00011F5C      MathWorks::power(const mwArray&, const mwArray&)
 0001:00011EB8      MathWorks::rdivide(const mwArray&, const mwArray&)
 0001:0003AA94      MathWorks::real(const mwArray&)
 0001:0003CB68      MathWorks::round(const mwArray&)
 0001:000164D4      MathWorks::size(const mwArray&, const mwArray&)
 0001:000169D0      MathWorks::sqrt(const mwArray&)
 0001:0001B95C      MathWorks::sum(const mwArray&, const mwArray&)
 0001:00011CCC      MathWorks::times(const mwArray&, const mwArray&)
 0001:000166F0      MathWorks::tobool(const mwArray&)
 0001:00012000      MathWorks::uminus(const mwArray&)
 0001:00016F7C      MathWorks::vertcat(const mwVarargin&, const mwArray&, const mwArray&, const mwArray&, const mwArray&, const mwArray&, const mwArray&, const mwArray&, const mwArray&, const mwArray&, const mwArray&, const mwArray&, const mwArray&, const mwArray&, const mwArray&, const mwArray&, const mwArray&, const mwArray&, const mwArray&, const mwArray&, const mwArray&, const mwArray&, const mwArray&, const mwArray&, const mwArray&, const mwArray&, const mwArray&, const mwArray&, const mwArray&, const mwArray&, const mwArray&, const mwArray&)
 0001:00016708      MathWorks::zeros(const mwVarargin&, const mwArray&, const mwArray&, const mwArray&, const mwArray&, const mwArray&, const mwArray&, const mwArray&, const mwArray&, const mwArray&, const mwArray&, const mwArray&, const mwArray&, const mwArray&, const mwArray&, const mwArray&, const mwArray&, const mwArray&, const mwArray&, const mwArray&, const mwArray&, const mwArray&, const mwArray&, const mwArray&, const mwArray&, const mwArray&, const mwArray&, const mwArray&, const mwArray&, const mwArray&, const mwArray&, const mwArray&)
 0001:0000CC2C      MatrixRef::Create(const mxArray_tag *, unsigned char)
 0001:00036810      MatrixRef::DecrementRefCount(int)
 0001:000364D0      MatrixRef::GetData() const
 0001:000368A4      MatrixRef::GetRefCount()
 0001:0000FC34      MatrixRef::IncrementRefCount(int)
 0001:0000CCF4      MatrixRef::MatrixRef(mxArray_tag *, unsigned char)
 0001:0000CCB8      MatrixRef::operator delete(void *)
 0001:0000CCC8      MatrixRef::operator new(unsigned int)
 0001:0000CAF4      MatrixRef::~MatrixRef()
 0003:00000118      Matrixfunctions::B34_2
 0003:00000120      Matrixfunctions::B34_3
 0001:0000E68C      Matrixfunctions::C34_0
 0002:00003D50      Matrixfunctions::D34_1
 0003:00000004      Messages::B89_1
 0003:00000BF4      Mystatfunctions::B51_2
 0003:00000F94      Mystatfunctions::B51_3
 0001:00020AB0      Mystatfunctions::C51_0
 0002:0000AB40      Mystatfunctions::D51_1
 0002:00009EDC      NodeParm:: (rtti)
 0001:0001E83C      NodeParm::NodeParm()
 0003:00000100      Odnomanaliz::B33_2
 0003:00000114      Odnomanaliz::B33_3
 0001:0000E5F8      Odnomanaliz::C33_0
 0002:0000396C      Odnomanaliz::D33_1
 0003:00000194      Optimization::B44_2
 0003:000001F8      Optimization::B44_3
 0001:00013134      Optimization::C44_0
 0002:00005B78      Optimization::D44_1
 0003:00000124      Progress::B35_2
 0003:00000134      Progress::B35_3
 0001:0000FD98      ProgressCaption(System::AnsiString)
 0001:0000FDFC      ProgressHide()
 0001:0000FDEC      ProgressInc()
 0001:0000FDE4      ProgressSet(double)
 0001:0000FDF4      ProgressShow()
 0001:0000E974      QuickDualSortA(mwArray&, mwArray&, const int, int, int)
 0001:0000F158      QuickDualSortD(mwArray&, mwArray&, const int, int, int)
 0001:000136A4      RegrFunc(mwArray)
 0003:00000018      Regstr::B103_1
 0001:00008964      ReplaceMissingData(System::DynamicArray<double>, double)
 0003:00000034      Richedit::B137_1
 0003:00000FD0      Romb::B60_3
 0003:0000102C      Rombindicator::B64_3
 0001:00020490      SFormat(System::AnsiString, ...)
 0001:000205A8      SaveFont(Classes::TFileStream *, Graphics::TFont *)
 0001:000209C0      SaveString(Classes::TFileStream *, System::AnsiString&)
 0003:00000FB4      Sets::B54_3
 0003:00000014      Shellapi::B101_1
 0003:00000024      Shlobj::B109_2
 0002:0000053C      SysInit::_16386
 0001:00000428      SysInit::_16393
 0001:00000474      SysInit::_16394
 0003:0000003C      Sysinit::B26_2
 0002:00000538      Sysinit::DataMark
 0003:0000004C      Sysinit::DllProc
 0003:00000048      Sysinit::HInstance
 0003:0000003E      Sysinit::ModuleIsCpp
 0003:0000003C      Sysinit::ModuleIsLib
 0003:0000003D      Sysinit::ModuleIsPackage
 0003:00000040      Sysinit::TlsIndex
 0003:00000044      Sysinit::TlsLast
 0001:00000530      Sysinit::VclExit()
 0001:00000494      Sysinit::VclInit(bool, bool, int, bool)
 0001:00000140      Sysinit::__linkproc__ __fastcall GetTls()
 0001:000122A8      System::AnsiString::GetRec() const
 0001:0003D578      System::AnsiString::ThrowIfOutOfRange(int) const
 0001:0003D8AC      System::AnsiString::sprintf(const char *, ...)
 0001:0003D870      System::AnsiString::vprintf(const char *, void *)
 0001:00000AB4      System::DynArrayOutOfRange::DynArrayOutOfRange(const System::DynArrayOutOfRange&)
 0001:00000A30      System::DynArrayOutOfRange::DynArrayOutOfRange(int, int)
 0001:0000A13C      System::DynamicArray<System::AnsiString>::AllocData(int)
 0001:000037F4      System::DynamicArray<System::AnsiString>::DecRefCount()
 0001:00003778      System::DynamicArray<System::AnsiString>::DynamicArray<System::AnsiString>()
 0001:000044A8      System::DynamicArray<System::AnsiString>::DynamicArray<System::AnsiString>(const System::DynamicArray<System::AnsiString>&)
 0001:00003828      System::DynamicArray<System::AnsiString>::FreeData()
 0001:000044E4      System::DynamicArray<System::AnsiString>::IncRefCount()
 0001:0000A1F4      System::DynamicArray<System::AnsiString>::SetData(System::AnsiString *)
 0001:000038A0      System::DynamicArray<System::AnsiString>::get_length() const
 0001:0000994C      System::DynamicArray<System::AnsiString>::operator [](int)
 0001:0000BF3C      System::DynamicArray<System::AnsiString>::operator [](int) const
 0001:0000A0C8      System::DynamicArray<System::AnsiString>::set_length(int)
 0001:000037C8      System::DynamicArray<System::AnsiString>::~DynamicArray<System::AnsiString>()
 0001:00025FD0      System::DynamicArray<System::DynamicArray<System::DynamicArray<double> > >::AllocData(int)
 0001:000260AC      System::DynamicArray<System::DynamicArray<System::DynamicArray<double> > >::DecRefCount()
 0001:000311A0      System::DynamicArray<System::DynamicArray<System::DynamicArray<double> > >::DynamicArray<System::DynamicArray<System::DynamicArray<double> > >()
 0001:000260E0      System::DynamicArray<System::DynamicArray<System::DynamicArray<double> > >::FreeData()
 0001:00026088      System::DynamicArray<System::DynamicArray<System::DynamicArray<double> > >::SetData(System::DynamicArray<System::DynamicArray<double> > *)
 0001:00021BD8      System::DynamicArray<System::DynamicArray<System::DynamicArray<double> > >::get_length() const
 0001:00021B44      System::DynamicArray<System::DynamicArray<System::DynamicArray<double> > >::operator [](int)
 0001:00025F58      System::DynamicArray<System::DynamicArray<System::DynamicArray<double> > >::set_length(int)
 0001:00026AEC      System::DynamicArray<System::DynamicArray<System::DynamicArray<double> > >::~DynamicArray<System::DynamicArray<System::DynamicArray<double> > >()
 0001:00009DB8      System::DynamicArray<System::DynamicArray<double> >::AllocData(int)
 0001:0000396C      System::DynamicArray<System::DynamicArray<double> >::DecRefCount()
 0001:000038F4      System::DynamicArray<System::DynamicArray<double> >::DynamicArray<System::DynamicArray<double> >()
 0001:00004440      System::DynamicArray<System::DynamicArray<double> >::DynamicArray<System::DynamicArray<double> >(const System::DynamicArray<System::DynamicArray<double> >&)
 0001:000039A0      System::DynamicArray<System::DynamicArray<double> >::FreeData()
 0001:0000447C      System::DynamicArray<System::DynamicArray<double> >::IncRefCount()
 0001:00009E70      System::DynamicArray<System::DynamicArray<double> >::SetData(System::DynamicArray<double> *)
 0001:00003690      System::DynamicArray<System::DynamicArray<double> >::get_length() const
 0001:0000BE70      System::DynamicArray<System::DynamicArray<double> >::operator =(const System::DynamicArray<System::DynamicArray<double> >&)
 0001:000036B4      System::DynamicArray<System::DynamicArray<double> >::operator [](int)
 0001:0000BDB0      System::DynamicArray<System::DynamicArray<double> >::operator [](int) const
 0001:00009D40      System::DynamicArray<System::DynamicArray<double> >::set_length(int)
 0001:00003940      System::DynamicArray<System::DynamicArray<double> >::~DynamicArray<System::DynamicArray<double> >()
 0001:0003520C      System::DynamicArray<System::DynamicArray<int> >::AllocData(int)
 0001:0001D834      System::DynamicArray<System::DynamicArray<int> >::DecRefCount()
 0001:00035164      System::DynamicArray<System::DynamicArray<int> >::DynamicArray<System::DynamicArray<int> >()
 0001:0001D784      System::DynamicArray<System::DynamicArray<int> >::DynamicArray<System::DynamicArray<int> >(const System::DynamicArray<System::DynamicArray<int> >&)
 0001:0001D868      System::DynamicArray<System::DynamicArray<int> >::FreeData()
 0001:0001D7DC      System::DynamicArray<System::DynamicArray<int> >::IncRefCount()
 0001:000352F4      System::DynamicArray<System::DynamicArray<int> >::SetData(System::DynamicArray<int> *)
 0001:000035D8      System::DynamicArray<System::DynamicArray<int> >::get_length() const
 0001:000035FC      System::DynamicArray<System::DynamicArray<int> >::operator [](int)
 0001:00035194      System::DynamicArray<System::DynamicArray<int> >::set_length(int)
 0001:0001D808      System::DynamicArray<System::DynamicArray<int> >::~DynamicArray<System::DynamicArray<int> >()
 0001:0002DBA0      System::DynamicArray<TElement *>::AllocData(int)
 0001:00026D20      System::DynamicArray<TElement *>::DecRefCount()
 0001:0002DAE0      System::DynamicArray<TElement *>::DynamicArray<TElement *>()
 0001:00026D54      System::DynamicArray<TElement *>::FreeData()
 0001:0002DC1C      System::DynamicArray<TElement *>::SetData(TElement * *)
 0001:00026DA8      System::DynamicArray<TElement *>::get_length() const
 0001:0002A6B0      System::DynamicArray<TElement *>::operator [](int)
 0001:00035318      System::DynamicArray<TElement *>::operator [](int) const
 0001:0002DB30      System::DynamicArray<TElement *>::set_length(int)
 0001:00026CF4      System::DynamicArray<TElement *>::~DynamicArray<TElement *>()
 0001:00010508      System::DynamicArray<TGraph *>::DecRefCount()
 0001:00010484      System::DynamicArray<TGraph *>::DynamicArray<TGraph *>()
 0001:0001053C      System::DynamicArray<TGraph *>::FreeData()
 0001:00010590      System::DynamicArray<TGraph *>::get_length() const
 0001:000104DC      System::DynamicArray<TGraph *>::~DynamicArray<TGraph *>()
 0001:00009F04      System::DynamicArray<TVarDescription *>::AllocData(int)
 0001:000069BC      System::DynamicArray<TVarDescription *>::DecRefCount()
 0001:00008BF4      System::DynamicArray<TVarDescription *>::DynamicArray<TVarDescription *>()
 0001:000069F0      System::DynamicArray<TVarDescription *>::FreeData()
 0001:00009F80      System::DynamicArray<TVarDescription *>::SetData(TVarDescription * *)
 0001:00006A44      System::DynamicArray<TVarDescription *>::get_length() const
 0001:000092E0      System::DynamicArray<TVarDescription *>::operator [](int)
 0001:00009E94      System::DynamicArray<TVarDescription *>::set_length(int)
 0001:00006990      System::DynamicArray<TVarDescription *>::~DynamicArray<TVarDescription *>()
 0001:00000D04      System::DynamicArray<double>::AllocData(int)
 0001:0000CDAC      System::DynamicArray<double>::Copy() const
 0001:0000CE2C      System::DynamicArray<double>::Copy(System::DynamicArray<double>&) const
 0001:00000DA4      System::DynamicArray<double>::DecRefCount()
 0001:00008BC4      System::DynamicArray<double>::DynamicArray<double>()
 0001:00000F1C      System::DynamicArray<double>::DynamicArray<double>(const System::DynamicArray<double>&)
 0001:00000DD8      System::DynamicArray<double>::FreeData()
 0001:00000F74      System::DynamicArray<double>::IncRefCount()
 0001:00000D80      System::DynamicArray<double>::SetData(double *)
 0001:00000C68      System::DynamicArray<double>::get_length() const
 0001:00008A38      System::DynamicArray<double>::operator =(const System::DynamicArray<double>&)
 0001:00000E2C      System::DynamicArray<double>::operator [](int)
 0001:0000BBBC      System::DynamicArray<double>::operator [](int) const
 0001:00000C8C      System::DynamicArray<double>::set_length(int)
 0001:00000FA0      System::DynamicArray<double>::~DynamicArray<double>()
 0001:0000086C      System::DynamicArray<int>::AllocData(int)
 0001:00000914      System::DynamicArray<int>::DecRefCount()
 0001:000038C4      System::DynamicArray<int>::DynamicArray<int>()
 0001:00000948      System::DynamicArray<int>::FreeData()
 0001:00000B98      System::DynamicArray<int>::IncRefCount()
 0001:000008F0      System::DynamicArray<int>::SetData(int *)
 0001:000007D8      System::DynamicArray<int>::get_length() const
 0001:000352C4      System::DynamicArray<int>::operator =(const System::DynamicArray<int>&)
 0001:0000099C      System::DynamicArray<int>::operator [](int)
 0001:000007FC      System::DynamicArray<int>::set_length(int)
 0001:00000BC4      System::DynamicArray<int>::~DynamicArray<int>()
 0001:00008778      System::DynamicArray<mwArray *>::AllocData(int)
 0001:00006BAC      System::DynamicArray<mwArray *>::DecRefCount()
 0001:00006B34      System::DynamicArray<mwArray *>::DynamicArray<mwArray *>()
 0001:00006BE0      System::DynamicArray<mwArray *>::FreeData()
 0001:000087F4      System::DynamicArray<mwArray *>::SetData(mwArray * *)
 0001:00006C34      System::DynamicArray<mwArray *>::get_length() const
 0001:00008818      System::DynamicArray<mwArray *>::operator [](int)
 0001:00008708      System::DynamicArray<mwArray *>::set_length(int)
 0001:00006B80      System::DynamicArray<mwArray *>::~DynamicArray<mwArray *>()
 0001:000221E4      System::DynamicArray<std::map<int, std::set<int, std::less<int>, std::allocator<int> >, std::less<int>, std::allocator<std::pair<const int, std::set<int, std::less<int>, std::allocator<int> > > > > >::AllocData(int)
 0001:00023BFC      System::DynamicArray<std::map<int, std::set<int, std::less<int>, std::allocator<int> >, std::less<int>, std::allocator<std::pair<const int, std::set<int, std::less<int>, std::allocator<int> > > > > >::DecRefCount()
 0001:00031154      System::DynamicArray<std::map<int, std::set<int, std::less<int>, std::allocator<int> >, std::less<int>, std::allocator<std::pair<const int, std::set<int, std::less<int>, std::allocator<int> > > > > >::DynamicArray<std::map<int, std::set<int, std::less<int>, std::allocator<int> >, std::less<int>, std::allocator<std::pair<const int, std::set<int, std::less<int>, std::allocator<int> > > > > >()
 0001:00023C30      System::DynamicArray<std::map<int, std::set<int, std::less<int>, std::allocator<int> >, std::less<int>, std::allocator<std::pair<const int, std::set<int, std::less<int>, std::allocator<int> > > > > >::FreeData()
 0001:00023BD8      System::DynamicArray<std::map<int, std::set<int, std::less<int>, std::allocator<int> >, std::less<int>, std::allocator<std::pair<const int, std::set<int, std::less<int>, std::allocator<int> > > > > >::SetData(...
 0001:00021608      System::DynamicArray<std::map<int, std::set<int, std::less<int>, std::allocator<int> >, std::less<int>, std::allocator<std::pair<const int, std::set<int, std::less<int>, std::allocator<int> > > > > >::get_length() const
 0001:00021578      System::DynamicArray<std::map<int, std::set<int, std::less<int>, std::allocator<int> >, std::less<int>, std::allocator<std::pair<const int, std::set<int, std::less<int>, std::allocator<int> > > > > >::operator [](int)
 0001:0002216C      System::DynamicArray<std::map<int, std::set<int, std::less<int>, std::allocator<int> >, std::less<int>, std::allocator<std::pair<const int, std::set<int, std::less<int>, std::allocator<int> > > > > >::set_length(int)
 0001:00026B18      System::DynamicArray<std::map<int, std::set<int, std::less<int>, std::allocator<int> >, std::less<int>, std::allocator<std::pair<const int, std::set<int, std::less<int>, std::allocator<int> > > > > >::~DynamicArray<std::map<int, std::set<int, std::less<int>, std::allocator<int> >, std::less<int>, std::allocator<std::pair<const int, std::set<int, std::less<int>, std::allocator<int> > > > > >()
 0001:00029344      System::DynamicArray<std::pair<TElement *, TElement *> >::AllocData(int)
 0001:0002665C      System::DynamicArray<std::pair<TElement *, TElement *> >::DecRefCount()
 0001:0002AEE8      System::DynamicArray<std::pair<TElement *, TElement *> >::DynamicArray<std::pair<TElement *, TElement *> >()
 0001:00026690      System::DynamicArray<std::pair<TElement *, TElement *> >::FreeData()
 0001:000294EC      System::DynamicArray<std::pair<TElement *, TElement *> >::SetData(std::pair<TElement *, TElement *> *)
 0001:000258B0      System::DynamicArray<std::pair<TElement *, TElement *> >::get_length() const
 0001:00029458      System::DynamicArray<std::pair<TElement *, TElement *> >::operator [](int)
 0001:000258D4      System::DynamicArray<std::pair<TElement *, TElement *> >::operator [](int) const
 0001:000292CC      System::DynamicArray<std::pair<TElement *, TElement *> >::set_length(int)
 0001:00026630      System::DynamicArray<std::pair<TElement *, TElement *> >::~DynamicArray<std::pair<TElement *, TElement *> >()
 0001:000067C8      System::TObject::TObject(const System::TObject&)
 0001:000008E8      System::operator new(unsigned int, char *)
 0001:0003DEFC      Sysutils::EExternal::EExternal(const Sysutils::EExternal&)
 0001:0003DDF4      Sysutils::EIntError::EIntError(const Sysutils::EIntError&)
 0001:0003DCEC      Sysutils::ERangeError::ERangeError(const Sysutils::ERangeError&)
 0001:00006390      Sysutils::Exception::Exception(const Sysutils::Exception&)
 0003:00000090      T
 0002:00001B4C      TAboutBox:: (rtti)
 0001:00035520      TArray::AddVar(System::AnsiString, System::AnsiString)
 0001:0000A46C      TArray::LoadStaVar(System::AnsiString, int)
 0002:00002634      TArrayGlobal::X
 0002:00002630      TArrayGlobal::_this
 0002:00002660      TArrayGlobal::xxx
 0002:0000C3CC      TBlock:: (rtti)
 0001:000299E4      TBlock::AdjustOrder()
 0001:0002A83C      TBlock::Coord(double, double, double, double)
 0001:0002AA20      TBlock::Coord_dp(double, double, double, double, char&)
 0001:0002A47C      TBlock::Cross(int, int, int, int)
 0001:0002A31C      TBlock::DblClick(int, int)
 0001:00029C38      TBlock::Draw()
 0001:0002A21C      TBlock::DrawCorners()
 0001:00029D98      TBlock::DrawTextA(int, int, int, int)
 0001:0002A408      TBlock::ForceSetCoord(int, int, int, int)
 0001:0002A744      TBlock::GetCenter(int&, int&)
 0001:0002AFF4      TBlock::GetType() const
 0001:0002ADBC      TBlock::Load(Classes::TFileStream *)
 0001:00029824      TBlock::MouseDown(int, int)
 0001:00029AD0      TBlock::MouseMove(int, int)
 0001:000299C8      TBlock::MouseUp(int, int)
 0001:0002ACB0      TBlock::Save(Classes::TFileStream *)
 0001:0002A434      TBlock::SetCoord(int, int, int, int)
 0001:00029C0C      TBlock::SetProperty()
 0001:0002A338      TBlock::SetX1(int)
 0001:0002A36C      TBlock::SetX2(int)
 0001:0002A3A0      TBlock::SetY1(int)
 0001:0002A3D4      TBlock::SetY2(int)
 0001:00029118      TBlock::TBlock(Graphics::TCanvas * *, int, int, System::DynamicArray<TElement *> *, TElementProperty *)
 0001:000297D8      TBlock::isMy(int, int)
 0001:00029510      TBlock::~TBlock()
 0002:0000D198      TBlockIndicator:: (rtti)
 0001:00032530      TBlockIndicator::Draw()
 0001:000328B8      TBlockIndicator::GetType() const
 0001:00032854      TBlockIndicator::Load(Classes::TFileStream *)
 0001:000327F0      TBlockIndicator::Save(Classes::TFileStream *)
 0001:00032798      TBlockIndicator::SetPosition(double)
 0001:0003245C      TBlockIndicator::TBlockIndicator(Graphics::TCanvas * *, int, int, System::DynamicArray<TElement *> *, bool, TElementProperty *)
 0001:000324D4      TBlockIndicator::~TBlockIndicator()
 0002:0000D390      TCalcVarDescription:: (rtti)
 0001:00032DE8      TCalcVarDescription::GetFunction()
 0001:00032DDC      TCalcVarDescription::GetType() const
 0001:00032DA0      TCalcVarDescription::Load(Classes::TFileStream *)
 0001:00032D44      TCalcVarDescription::Save(Classes::TFileStream *)
 0001:00032E20      TCalcVarDescription::SetFunction(System::AnsiString)
 0001:00032EB0      TCalcVarDescription::operator =(const TCalcVarDescription&)
 0001:0000DDCC      TCalcVarDescription::~TCalcVarDescription()
 0002:0000567C      TChildCalcMemo:: (rtti)
 0002:00001F34      TChildGrid:: (rtti)
 0001:000067B4      TChildGrid::CurrentRow()
 0001:0000676C      TChildGrid::UpdateDependencies()
 0002:0000592C      TChildLog:: (rtti)
 0002:00009A58      TChildRegrMemo:: (rtti)
 0002:0000C564      TConnector:: (rtti)
 0001:0002C8DC      TConnector::Coord(double, double, double, double)
 0001:0002C990      TConnector::Coord_dp(double, double, double, double, char&)
 0001:0002C4A0      TConnector::DblClick(int, int)
 0001:0002B540      TConnector::Draw()
 0001:0002BFF8      TConnector::DrawCorners()
 0001:0002B28C      TConnector::FillRelationsLinkedElements()
 0001:0002C6A8      TConnector::GetCenter(int&, int&)
 0001:0002D048      TConnector::GetType() const
 0001:0002C708      TConnector::GetX1()
 0001:0002C798      TConnector::GetX2()
 0001:0002C804      TConnector::GetY1()
 0001:0002C870      TConnector::GetY2()
 0001:0002CED0      TConnector::Load(Classes::TFileStream *)
 0001:0002BFAC      TConnector::MouseDown(int, int)
 0001:0002BFF0      TConnector::MouseMove(int, int)
 0001:0002BFE8      TConnector::MouseUp(int, int)
 0001:0002CD78      TConnector::Save(Classes::TFileStream *)
 0001:0002C474      TConnector::SetProperty()
 0001:0002B020      TConnector::TConnector(TElement *, TElement *, Graphics::TCanvas * *, System::DynamicArray<TElement *> *, bool, TElementProperty *)
 0001:0002C1C8      TConnector::isMy(int, int)
 0001:0002B174      TConnector::~TConnector()
 0002:0000CBAC      TContainer:: (rtti)
 0001:00030BFC      TContainer::AddID(int)
 0001:0002F53C      TContainer::AlignDiagram()
 0001:0002DEDC      TContainer::Clear()
 0001:00030B50      TContainer::GenerateID()
 0001:0002F35C      TContainer::GetHeight()
 0001:0002F2B4      TContainer::GetWidth()
 0001:0002F404      TContainer::GetXmin()
 0001:0002F4A0      TContainer::GetYmin()
 0001:00030B18      TContainer::LogToPhis(int)
 0001:00030B34      TContainer::PhisToLog(int)
 0001:00030AFC      TContainer::SetKoef(double)
 0001:00030C98      TContainer::ViewActiveElementPropertyForm()
 0002:0000BC24      TCorrelationGrid:: (rtti)
 0001:00028820      TCorrelationGrid::CreateVerticalFont()
 0002:0000C36C      TElement:: (rtti)
 0001:0002AFE0      TElement::GetHeight()
 0001:0002AFCC      TElement::GetWidth()
 0001:0002D070      TElement::SetActive(bool)
 0001:0002AF8C      TElement::SetX1(int)
 0001:0002AF9C      TElement::SetX2(int)
 0001:0002AFAC      TElement::SetY1(int)
 0001:0002AFBC      TElement::SetY2(int)
 0001:00029230      TElement::TElement(Graphics::TCanvas * *, TElementProperty *)
 0001:000261E4      TElement::~TElement()
 0002:0000DF20      TFPConstructorForm:: (rtti)
 0001:00033EE0      TFPConstructorForm::ChangeVarsList()
 0001:000333DC      TFPConstructorForm::ConstructFunction(System::DynamicArray<System::DynamicArray<int> >&, System::DynamicArray<System::DynamicArray<double> >&, bool)
 0002:0000E4C4      TFPContainer:: (rtti)
 0001:00035868      TFPContainer::ArrangeElements()
 0001:00036000      TFPContainer::ClearInformation()
 0001:00036130      TFPContainer::ContainVar(System::AnsiString)
 0001:00036260      TFPContainer::DeleteAllVars()
 0001:00036240      TFPContainer::GetActiveElement()
 0001:00036250      TFPContainer::GetElements()
 0001:00035FDC      TFPContainer::SetAllocationType(short)
 0002:0000D524      TFPSaveForm:: (rtti)
 0001:00010808      TMCalculate::ClearTree(TMCalculate::Node *)
 0001:00010AD8      TMCalculate::CompEl()
 0001:00010A3C      TMCalculate::CompElNeg()
 0001:00010840      TMCalculate::CompForm()
 0001:000109C0      TMCalculate::CompPow()
 0001:00010900      TMCalculate::CompTerm()
 0001:00012084      TMCalculate::Evaluate()
 0001:00011810      TMCalculate::EvaluateTree(TMCalculate::Node *)
 0001:0001221C      TMCalculate::Print(System::AnsiString)
 0001:000120F4      TMCalculate::PrintTreeTmp(TMCalculate::Node *, std::FILE *)
 0001:00011218      TMCalculate::TransformNormalToPolish()
 0001:000106A4      TMCalculate::TransformNormalToTree()
 0001:00011310      TMCalculate::TransformPolishToTree()
 0002:00000FFC      TMainForm:: (rtti)
 0002:0000962C      TPagesDlg:: (rtti)
 0002:0000C61C      TRomb:: (rtti)
 0001:0002D160      TRomb::Draw()
 0001:0002D25C      TRomb::GetType() const
 0001:0002D0A0      TRomb::TRomb(Graphics::TCanvas * *, int, int, System::DynamicArray<TElement *> *, TElementProperty *)
 0001:0002D104      TRomb::~TRomb()
 0002:0000D0DC      TRombIndicator:: (rtti)
 0001:00032228      TRombIndicator::Draw()
 0001:00032430      TRombIndicator::GetType() const
 0001:00032178      TRombIndicator::TRombIndicator(Graphics::TCanvas * *, int, int, System::DynamicArray<TElement *> *, bool, TElementProperty *)
 0001:000321CC      TRombIndicator::~TRombIndicator()
 0002:0000D4B8      TSimpleVarDescription:: (rtti)
 0001:00033114      TSimpleVarDescription::GetType() const
 0001:000330E8      TSimpleVarDescription::Load(Classes::TFileStream *)
 0001:0003309C      TSimpleVarDescription::Save(Classes::TFileStream *)
 0001:0000E144      TSimpleVarDescription::~TSimpleVarDescription()
 0002:0000D260      TStaVarDescription:: (rtti)
 0001:00032B14      TStaVarDescription::GetType() const
 0001:00032A34      TStaVarDescription::Load(Classes::TFileStream *)
 0001:000329C4      TStaVarDescription::Save(Classes::TFileStream *)
 0001:0000DE3C      TStaVarDescription::~TStaVarDescription()
 0003:00000094      TT
 0002:0000B5B4      TTreeConstructorForm:: (rtti)
 0001:00023F84      TTreeConstructorForm::ChangeVarsList()
 0001:00020CE4      TTreeConstructorForm::ConstructFunction(int, int&)
 0001:00021884      TTreeConstructorForm::FillResultValues(int, double *)
 0002:0000CF78      TTreeContainer:: (rtti)
 0001:00031D7C      TTreeContainer::ArrangeElements()
 0001:00031F38      TTreeContainer::ClearInformation()
 0001:00031F48      TTreeContainer::ContainVar(System::AnsiString)
 0001:00031348      TTreeContainer::CreateBranch(TBlockIndicator *, int)
 0001:0003205C      TTreeContainer::GetActiveElement()
 0001:000319BC      TTreeContainer::GetBoundingSize(TBlockIndicator *)
 0001:0003206C      TTreeContainer::SetIndicatorVisible(bool)
 0001:00031B3C      TTreeContainer::SetPosition(TBlockIndicator *, int, int)
 0002:0000D284      TVarDescription:: (rtti)
 0001:00032A84      TVarDescription::GetName()
 0001:00032ABC      TVarDescription::SetName(System::AnsiString)
 0001:00032B20      TVarDescription::operator =(const TVarDescription&)
 0001:0000DEAC      TVarDescription::~TVarDescription()
 0002:00009D08      TWinAddParm:: (rtti)
 0002:0000A6B8      TWinTreeParm:: (rtti)
 0001:0001ED08      TWinTreeParm::BegNode()
 0001:0001FAFC      TWinTreeParm::DelNode(Comctrls::TTreeNode *)
 0001:00000598      ThisProgramCompiledInGSU
 0003:00000058      Thisprogramingsu::B27_1
 0003:00000F98      Treeconstructor::B52_2
 0003:00000FA4      Treeconstructor::B52_3
 0001:00020B44      Treeconstructor::C52_0
 0002:0000AB74      Treeconstructor::D52_1
 0003:00000FE8      Treecontainer::B63_2
 0003:00001028      Treecontainer::B63_3
 0001:00030F80      Treecontainer::C63_0
 0002:0000CCE8      Treecontainer::D63_1
 0003:00000020      Urlmon::B107_2
 0003:00000BE8      Utils::B50_2
 0003:00000BF0      Utils::B50_3
 0001:0002042C      Utils::C50_0
 0002:0000A9B0      Utils::D50_1
 0003:00001040      Vardescriptioncalc::B67_2
 0003:00001048      Vardescriptioncalc::B67_3
 0001:00032B8C      Vardescriptioncalc::C67_0
 0002:0000D2F0      Vardescriptioncalc::D67_1
 0003:0000104C      Vardescriptionsimple::B68_2
 0003:00001054      Vardescriptionsimple::B68_3
 0001:00032F2C      Vardescriptionsimple::C68_0
 0002:0000D424      Vardescriptionsimple::D68_1
 0003:00001034      Vardescriptionsta::B66_2
 0003:0000103C      Vardescriptionsta::B66_3
 0001:000328E4      Vardescriptionsta::C66_0
 0002:0000D20C      Vardescriptionsta::D66_1
 0003:00000088      VarsNames
 0003:0000008C      VarsNums
 0001:0000F93C      VectorDualSort(mwArray&, mwArray&, const int)
 0001:000005D4      WinMain
 0003:00000000      Windows::B83_2
 0001:0002BF54      Windows::TPoint::TPoint()
 0001:0002BF78      Windows::TPoint::TPoint(int, int)
 0001:0002F24C      Windows::TRect::TRect()
 0003:0000001C      Wininet::B105_1
 0003:00000038      Winspool::B141_1
 0003:000001B8      X
 0003:00000098      Z
 0003:0000009C      Z1
 0003:000001A4      _A
 0003:000000B0      _AboutBox
 0003:00000108      _AllReport
 0003:00000080      _Array
 0003:0000020C      _ChildRegrMemo
 0003:000001B4      _Data
 0003:000001B0      _Dep
 0003:00001068      _FPFunction
 0003:00001058      _FPSaveForm
 0003:0000024C      _FuncNear
 0003:00000154      _Graph
 0003:00000978      _IndI
 0003:0000097C      _IndJ
 0003:00000068      _MainChildGrid
 0003:0000006C      _MainChildLog
 0003:00000070      _MainChildRegrMemo
 0003:00000074      _MainFPConstructorForm
 0003:00000064      _MainForm
 0003:00000078      _MainTreeConstructorForm
 0003:000001AC      _N
 0003:0000007C      _NameMainDataFile
 0003:000002C8      _NameTree
 0003:00000200      _PagesDlg
 0003:00000228      _PathData
 0003:0000022C      _PathExe
 0003:000000A4      _PathWork
 0003:00000D64      _Report
 0003:00000BFC      _Rmin
 0003:00000AB0      _TablFact
 0003:00000980      _TablParm
 0003:0000039C      _TablTree
 0003:00000FA0      _TreeFunction
 0003:0000021C      _WinAddParm
 0003:00000BE4      _WinTreeParm
 0003:000001A8      _XNumber
 0003:00000FD8      _XX
 0003:00000FDC      _YY
 0001:0003E351      __AfterConstruction
 0001:0003E359      __BeforeDestruction
 0001:0003E344      __ClassCreate
 0001:0003E34C      __ClassDestroy
 0003:00000138      __DestructorCountPtr
 0001:000102C4      __ExceptInit
 0002:000044F0      __ExceptVarsSize
 0001:0001037F      __ExceptionHandler
 0001:00010371      __ExitExceptBlock
 0001:0003E27C      __ExitVCL
 0001:00000059      __GetExceptDLLinfo
 0001:00010310      __GetExceptDLLinfoInternal
 0001:00010338      __InitExceptBlockLDTC
 0001:0003E23C      __InitVCL
 0001:0003E288      __LateVCLInit
 0002:00000530      __PackageInfoTable
 0002:00012158      __TLS_index
 0002:00000523      __TLS_index4
 0002:0000052C      ___CPPdebugHook
 0002:0000052C      ___CPPdebugHook_segment
 0002:00004454      ___CPPexceptionList
 0001:00010184      ___CRTL_VCLLIB_Linkage
 0001:000101E4      ___CRTL_VCL_HookSystem
 0001:00010140      ___CRTL_VCL_Init
 0001:00010188      ___CRTL_VCL_Sharemem
 0002:00004470      ___ExceptStaticXbuff
 0001:00000140      ___System__GetTls
 0001:0001024C      ___call_terminate
 0003:00000140      ___dll_argc
 0003:00000144      ___dll_argv
 0002:00004458      ___exceptFlags
 0002:0000446C      ___exceptMemAllocVars
 0002:00004468      ___exceptStaticBuffP
 0002:00000511      ___isDLL
 0002:000004D8      ___isGUI
 0002:00000510      ___isVCLPackage
 0002:00004464      ___throwExceptionName
 0002:0000445C      ___throwFileName
 0002:00004460      ___throwLineNumber
 0002:0000051E      ___useDynamicTLS
 0004:00000000      ___xxInfo
 0002:00004538      ___xxPersonality
 0001:00000000      __acrtused
 0002:0000456C      __argv_expand_ptr
 0002:00004E38      __chtbl__ TMCalculate::TransformNormalToPolish()
 0002:00004E6C      __chtbl__ TMCalculate::TransformPolishToTree()
 0002:00004504      __chtbl__ __call_terminate()
 0002:00002F90      __chtbl__ __fastcall TArray::OpenDescFile(System::AnsiString, bool)
 0002:000031F8      __chtbl__ __fastcall TArray::SaveDescFile(System::AnsiString, bool)
 0002:00000800      __chtbl__ __rwstd::__rb_tree<int, int, __rwstd::__ident<int, int>, std::less<int>, std::allocator<int> >::__add_new_buffer()
 0002:0000089C      __chtbl__ __rwstd::__rb_tree<int, int, __rwstd::__ident<int, int>, std::less<int>, std::allocator<int> >::__get_node(const int&)
 0002:0000C7F8      __chtbl__ __rwstd::__rb_tree<int, std::pair<const int, TElementProperty *>, __rwstd::__select1st<std::pair<const int, TElementProperty *>, int>, std::less<int>, std::allocator<std::pair<const int, TElementProperty *> > >::__add_new_buffer()
 0002:0000C97C      __chtbl__ __rwstd::__rb_tree<int, std::pair<const int, TElementProperty *>, __rwstd::__select1st<std::pair<const int, TElementProperty *>, int>, std::less<int>, std::allocator<std::pair<const int, TElementProperty *> > >::__get_node(const std::pair<const int, TElementProperty *>&)
 0002:00002744      __chtbl__ __rwstd::__rb_tree<int, std::pair<const int, int>, __rwstd::__select1st<std::pair<const int, int>, int>, std::less<int>, std::allocator<std::pair<const int, int> > >::__add_new_buffer()
 0002:000027F8      __chtbl__ __rwstd::__rb_tree<int, std::pair<const int, int>, __rwstd::__select1st<std::pair<const int, int>, int>, std::less<int>, std::allocator<std::pair<const int, int> > >::__get_node(const std::pair<const int, int>&)
 0002:0000B1C8      __chtbl__ __rwstd::__rb_tree<int, std::pair<const int, std::set<int, std::less<int>, std::allocator<int> > >, __rwstd::__select1st<std::pair<const int, std::set<int, std::less<int>, std::allocator<int> > >, int>, std::less<int>, ...
 0002:0000B104      __chtbl__ __rwstd::__rb_tree<int, std::pair<const int, std::set<int, std::less<int>, std::allocator<int> > >, __rwstd::__select1st<std::pair<const int, std::set<int, std::less<int>, std::allocator<int> > >, int>, std::less<int>, ...
 0002:00010BD0      __chtbl__ mwArray::Write(std::basic_ostream<char, std::char_traits<char> >&) const
 0002:00000DCC      __ectbl__ CompareVars(System::AnsiString, System::AnsiString)
 0002:000061A0      __ectbl__ GETVARID(char *)
 0002:00002694      __ectbl__ GETVARID_gridarray(char *)
 0002:00006248      __ectbl__ GETVARVALUE(int)
 0002:00002884      __ectbl__ GETVARVALUE_gridarray(int)
 0002:0000AD14      __ectbl__ GetVarName(int)
 0002:0000AAE0      __ectbl__ LoadFont(Classes::TFileStream *, Graphics::TFont *)
 0002:0000AB20      __ectbl__ LoadStringA(Classes::TFileStream *, System::AnsiString&)
 0002:00005B40      __ectbl__ LogAdd(System::AnsiString)
 0002:00005B1C      __ectbl__ LogOpen(System::AnsiString)
 0002:000091DC      __ectbl__ MathWorks::abs(const mwArray&)
 0002:00010F34      __ectbl__ MathWorks::ceil(const mwArray&)
 0002:00003774      __ectbl__ MathWorks::colon(const mwArray&, const mwArray&, const mwArray&)
 0002:00009224      __ectbl__ MathWorks::corrcoef(const mwArray&, const mwArray&)
 0002:00009248      __ectbl__ MathWorks::ctranspose(const mwArray&)
 0002:00009100      __ectbl__ MathWorks::eps()
 0002:000092DC      __ectbl__ MathWorks::eye(const mwArray&, const mwArray&)
 0002:00011014      __ectbl__ MathWorks::finite(const mwArray&)
 0002:00010EA0      __ectbl__ MathWorks::fix(const mwArray&)
 0002:00010F10      __ectbl__ MathWorks::floor(const mwArray&)
 0002:00010E18      __ectbl__ MathWorks::imag(const mwArray&)
 0002:0000FFA4      __ectbl__ MathWorks::ischar(const mwArray&)
 0002:00010D50      __ectbl__ MathWorks::iscomplex(const mwArray&)
 0002:000110CC      __ectbl__ MathWorks::isinf(const mwArray&)
 0002:00010FA4      __ectbl__ MathWorks::isnan(const mwArray&)
 0002:0000F284      __ectbl__ MathWorks::lasterr(const mwArray&)
 0002:00008EE8      __ectbl__ MathWorks::length(const mwArray&)
 0002:000111DC      __ectbl__ MathWorks::log(const mwArray&)
 0002:000111B8      __ectbl__ MathWorks::logical(const mwArray&)
 0002:00010DDC      __ectbl__ MathWorks::max(mwArray, mwArray, mwArray)
 0002:00008F68      __ectbl__ MathWorks::min(mwArray, mwArray, mwArray)
 0002:000052A4      __ectbl__ MathWorks::minus(const mwArray&, const mwArray&)
 0002:000093EC      __ectbl__ MathWorks::mldivide(const mwArray&, const mwArray&)
 0002:0000916C      __ectbl__ MathWorks::norm(const mwArray&, const mwArray&)
 0002:00008E94      __ectbl__ MathWorks::ones(const mwVarargin&, const mwArray&, const mwArray&, const mwArray&, const mwArray&, const mwArray&, const mwArray&, const mwArray&, const mwArray&, const mwArray&, const mwArray&, const mwArray&, const mwArray&, const mwArray&, const mwArray&, const mwArray&, const mwArray&, const mwArray&, const mwArray&, const mwArray&, const mwArray&, const mwArray&, const mwArray&, const mwArray&, const mwArray&, const mwArray&, const mwArray&, const mwArray&, const mwArray&, const mwArray&, const mwArray&, const mwArray&)
 0002:00005280      __ectbl__ MathWorks::plus(const mwArray&, const mwArray&)
 0002:000052EC      __ectbl__ MathWorks::power(const mwArray&, const mwArray&)
 0002:000052C8      __ectbl__ MathWorks::rdivide(const mwArray&, const mwArray&)
 0002:00010D80      __ectbl__ MathWorks::real(const mwArray&)
 0002:000110F0      __ectbl__ MathWorks::round(const mwArray&)
 0002:00008F0C      __ectbl__ MathWorks::size(const mwArray&, const mwArray&)
 0002:00009124      __ectbl__ MathWorks::sqrt(const mwArray&)
 0002:00009564      __ectbl__ MathWorks::sum(const mwArray&, const mwArray&)
 0002:0000525C      __ectbl__ MathWorks::times(const mwArray&, const mwArray&)
 0002:00005310      __ectbl__ MathWorks::uminus(const mwArray&)
 0002:00009398      __ectbl__ MathWorks::vertcat(const mwVarargin&, const mwArray&, const mwArray&, const mwArray&, const mwArray&, const mwArray&, const mwArray&, const mwArray&, const mwArray&, const mwArray&, const mwArray&, const mwArray&, const mwArray&, const mwArray&, const mwArray&, const mwArray&, const mwArray&, const mwArray&, const mwArray&, const mwArray&, const mwArray&, const mwArray&, const mwArray&, const mwArray&, const mwArray&, const mwArray&, const mwArray&, const mwArray&, const mwArray&, const mwArray&, const mwArray&, const mwArray&)
 0002:0000903C      __ectbl__ MathWorks::zeros(const mwVarargin&, const mwArray&, const mwArray&, const mwArray&, const mwArray&, const mwArray&, const mwArray&, const mwArray&, const mwArray&, const mwArray&, const mwArray&, const mwArray&, const mwArray&, const mwArray&, const mwArray&, const mwArray&, const mwArray&, const mwArray&, const mwArray&, const mwArray&, const mwArray&, const mwArray&, const mwArray&, const mwArray&, const mwArray&, const mwArray&, const mwArray&, const mwArray&, const mwArray&, const mwArray&, const mwArray&, const mwArray&)
 0002:0000380C      __ectbl__ MatrixRef::Create(const mxArray_tag *, unsigned char)
 0002:00003844      __ectbl__ MatrixRef::MatrixRef(mxArray_tag *, unsigned char)
 0002:00009CF4      __ectbl__ NodeParm::NodeParm()
 0002:00004354      __ectbl__ ProgressCaption(System::AnsiString)
 0002:00003FD8      __ectbl__ QuickDualSortA(mwArray&, mwArray&, const int, int, int)
 0002:000041C0      __ectbl__ QuickDualSortD(mwArray&, mwArray&, const int, int, int)
 0002:000062B0      __ectbl__ RegrFunc(mwArray)
 0002:000028C8      __ectbl__ ReplaceMissingData(System::DynamicArray<double>, double)
 0002:0000AA3C      __ectbl__ SFormat(System::AnsiString, ...)
 0002:0000AAA0      __ectbl__ SaveFont(Classes::TFileStream *, Graphics::TFont *)
 0002:00011248      __ectbl__ System::AnsiString::ThrowIfOutOfRange(int) const
 0002:00000F10      __ectbl__ System::DynArrayOutOfRange::DynArrayOutOfRange(int, int)
 0002:00002DAC      __ectbl__ System::DynamicArray<System::AnsiString>::AllocData(int)
 0002:00000950      __ectbl__ System::DynamicArray<System::AnsiString>::DynamicArray<System::AnsiString>()
 0002:00000C50      __ectbl__ System::DynamicArray<System::AnsiString>::DynamicArray<System::AnsiString>(const System::DynamicArray<System::AnsiString>&)
 0002:00000964      __ectbl__ System::DynamicArray<System::AnsiString>::FreeData()
 0002:000034B0      __ectbl__ System::DynamicArray<System::AnsiString>::operator [](int) const
 0002:0000B57C      __ectbl__ System::DynamicArray<System::DynamicArray<System::DynamicArray<double> > >::AllocData(int)
 0002:0000CDC0      __ectbl__ System::DynamicArray<System::DynamicArray<System::DynamicArray<double> > >::DynamicArray<System::DynamicArray<System::DynamicArray<double> > >()
 0002:0000B59C      __ectbl__ System::DynamicArray<System::DynamicArray<System::DynamicArray<double> > >::FreeData()
 0002:00002D7C      __ectbl__ System::DynamicArray<System::DynamicArray<double> >::AllocData(int)
 0002:000009A0      __ectbl__ System::DynamicArray<System::DynamicArray<double> >::DynamicArray<System::DynamicArray<double> >()
 0002:00000C2C      __ectbl__ System::DynamicArray<System::DynamicArray<double> >::DynamicArray<System::DynamicArray<double> >(const System::DynamicArray<System::DynamicArray<double> >&)
 0002:000009B4      __ectbl__ System::DynamicArray<System::DynamicArray<double> >::FreeData()
 0002:00003468      __ectbl__ System::DynamicArray<System::DynamicArray<double> >::operator [](int) const
 0002:0000DE84      __ectbl__ System::DynamicArray<System::DynamicArray<int> >::AllocData(int)
 0002:0000DE60      __ectbl__ System::DynamicArray<System::DynamicArray<int> >::DynamicArray<System::DynamicArray<int> >()
 0002:00008E1C      __ectbl__ System::DynamicArray<System::DynamicArray<int> >::DynamicArray<System::DynamicArray<int> >(const System::DynamicArray<System::DynamicArray<int> >&)
 0002:00008E30      __ectbl__ System::DynamicArray<System::DynamicArray<int> >::FreeData()
 0002:0000C884      __ectbl__ System::DynamicArray<TElement *>::DynamicArray<TElement *>()
 0002:000045DC      __ectbl__ System::DynamicArray<TGraph *>::DynamicArray<TGraph *>()
 0002:00002984      __ectbl__ System::DynamicArray<TVarDescription *>::DynamicArray<TVarDescription *>()
 0002:00003898      __ectbl__ System::DynamicArray<double>::Copy() const
 0002:00002960      __ectbl__ System::DynamicArray<double>::DynamicArray<double>()
 0002:00000774      __ectbl__ System::DynamicArray<double>::DynamicArray<double>(const System::DynamicArray<double>&)
 0002:0000097C      __ectbl__ System::DynamicArray<int>::DynamicArray<int>()
 0002:0000264C      __ectbl__ System::DynamicArray<mwArray *>::DynamicArray<mwArray *>()
 0002:0000B06C      __ectbl__ System::DynamicArray<std::map<int, std::set<int, std::less<int>, std::allocator<int> >, std::less<int>, std::allocator<std::pair<const int, std::set<int, std::less<int>, std::allocator<int> > > > > >::AllocData(int)
 0002:0000CD9C      __ectbl__ System::DynamicArray<std::map<int, std::set<int, std::less<int>, std::allocator<int> >, std::less<int>, std::allocator<std::pair<const int, std::set<int, std::less<int>, std::allocator<int> > > > > >::DynamicArray<std::map<int, std::set<int, std::less<int>, std::allocator<int> >, std::less<int>, std::allocator<std::pair<const int, std::set<int, std::less<int>, std::allocator<int> > > > > >()
 0002:0000B26C      __ectbl__ System::DynamicArray<std::map<int, std::set<int, std::less<int>, std::allocator<int> >, std::less<int>, std::allocator<std::pair<const int, std::set<int, std::less<int>, std::allocator<int> > > > > >::FreeData()
 0002:0000C078      __ectbl__ System::DynamicArray<std::pair<TElement *, TElement *> >::AllocData(int)
 0002:0000C358      __ectbl__ System::DynamicArray<std::pair<TElement *, TElement *> >::DynamicArray<std::pair<TElement *, TElement *> >()
 0002:00001F08      __ectbl__ System::TObject::TObject(const System::TObject&)
 0002:000116AC      __ectbl__ Sysutils::EExternal::EExternal(const Sysutils::EExternal&)
 0002:0001163C      __ectbl__ Sysutils::EIntError::EIntError(const Sysutils::EIntError&)
 0002:000115CC      __ectbl__ Sysutils::ERangeError::ERangeError(const Sysutils::ERangeError&)
 0002:00001F00      __ectbl__ Sysutils::Exception::Exception(const Sysutils::Exception&)
 0002:0000DF0C      __ectbl__ TArray::AddVar(System::AnsiString, System::AnsiString)
 0002:00002F10      __ectbl__ TArray::LoadStaVar(System::AnsiString, int)
 0002:0000C160      __ectbl__ TBlock::Draw()
 0002:0000C290      __ectbl__ TBlock::DrawTextA(int, int, int, int)
 0002:0000C31C      __ectbl__ TBlock::Load(Classes::TFileStream *)
 0002:0000C048      __ectbl__ TBlock::TBlock(Graphics::TCanvas * *, int, int, System::DynamicArray<TElement *> *, TElementProperty *)
 0002:0000C0C0      __ectbl__ TBlock::~TBlock()
 0002:0000D160      __ectbl__ TBlockIndicator::TBlockIndicator(Graphics::TCanvas * *, int, int, System::DynamicArray<TElement *> *, bool, TElementProperty *)
 0002:0000D184      __ectbl__ TBlockIndicator::~TBlockIndicator()
 0002:0000D3D0      __ectbl__ TCalcVarDescription::GetFunction()
 0002:0000D404      __ectbl__ TCalcVarDescription::SetFunction(System::AnsiString)
 0002:000038D8      __ectbl__ TCalcVarDescription::~TCalcVarDescription()
 0002:0000C544      __ectbl__ TConnector::Draw()
 0002:0000C54C      __ectbl__ TConnector::Load(Classes::TFileStream *)
 0002:0000C494      __ectbl__ TConnector::TConnector(TElement *, TElement *, Graphics::TCanvas * *, System::DynamicArray<TElement *> *, bool, TElementProperty *)
 0002:0000C4F0      __ectbl__ TConnector::~TConnector()
 0002:0000CB90      __ectbl__ TContainer::AddID(int)
 0002:0000BBB4      __ectbl__ TCorrelationGrid::CreateVerticalFont()
 0002:0000C334      __ectbl__ TElement::TElement(Graphics::TCanvas * *, TElementProperty *)
 0002:0000B5AC      __ectbl__ TElement::~TElement()
 0002:0000DADC      __ectbl__ TFPConstructorForm::ChangeVarsList()
 0002:0000D960      __ectbl__ TFPConstructorForm::ConstructFunction(System::DynamicArray<System::DynamicArray<int> >&, System::DynamicArray<System::DynamicArray<double> >&, bool)
 0002:0000E480      __ectbl__ TFPContainer::ClearInformation()
 0002:0000E4B0      __ectbl__ TFPContainer::ContainVar(System::AnsiString)
 0002:00004D88      __ectbl__ TMCalculate::CompEl()
 0002:00004BEC      __ectbl__ TMCalculate::CompElNeg()
 0002:00004B58      __ectbl__ TMCalculate::CompForm()
 0002:00004BC8      __ectbl__ TMCalculate::CompPow()
 0002:00004B98      __ectbl__ TMCalculate::CompTerm()
 0002:00005208      __ectbl__ TMCalculate::Evaluate()
 0002:000050CC      __ectbl__ TMCalculate::EvaluateTree(TMCalculate::Node *)
 0002:00005238      __ectbl__ TMCalculate::Print(System::AnsiString)
 0002:00004E58      __ectbl__ TMCalculate::TransformNormalToPolish()
 0002:00004F00      __ectbl__ TMCalculate::TransformPolishToTree()
 0002:0000C5E4      __ectbl__ TRomb::TRomb(Graphics::TCanvas * *, int, int, System::DynamicArray<TElement *> *, TElementProperty *)
 0002:0000C608      __ectbl__ TRomb::~TRomb()
 0002:0000D0A4      __ectbl__ TRombIndicator::TRombIndicator(Graphics::TCanvas * *, int, int, System::DynamicArray<TElement *> *, bool, TElementProperty *)
 0002:0000D0C8      __ectbl__ TRombIndicator::~TRombIndicator()
[...]
 0002:0000EEAC      __odtbl__ mwNumericSubArray::Double()
 0002:0000EEDC      __ectbl__ mwNumericSubArray::Double()
 0002:0000EF08      __odtbl__ mwNumericSubArray::ApplyIndex() const
 0002:0000EF28      __ectbl__ mwNumericSubArray::ApplyIndex() const
 0002:0000EF48      __odtbl__ mwNumericSubArray::mwNumericSubArray(mwArray *, const mwVarargin&, int)
 0002:0000EF58      __ectbl__ mwNumericSubArray::mwNumericSubArray(mwArray *, const mwVarargin&, int)
 0002:0000EF78      __odtbl__ mwNumericSubArray::~mwNumericSubArray()
 0002:0000EF88      __ectbl__ mwNumericSubArray::~mwNumericSubArray()
 0002:0000EF9C      __odtbl__ mwNumericSubArray::InitIndexDef(unsigned char)
 0002:0000EFBC      __ectbl__ mwNumericSubArray::InitIndexDef(unsigned char)
 0002:0000EFDC      d1028_1
 0002:0000F0B0      __odtbl__ mwException::mwException(const char *, int, const char *)
 0002:0000F0C0      __ectbl__ mwException::mwException(const char *, int, const char *)
 0002:0000F0D4      __odtbl__ mwException::mwException(const char *, int, const char *, bool)
 0002:0000F0E4      __ectbl__ mwException::mwException(const char *, int, const char *, bool)
 0002:0000F0F8      __odtbl__ mwException::mwException(const mwException&)
 0002:0000F108      __ectbl__ mwException::mwException(const mwException&)
 0002:0000F11C      mwBadAlloc::out_of_memory
 0002:0000F120      __odtbl__ mwException::do_raise()
 0002:0000F14C      __ectbl__ mwException::do_raise()
 0002:0000F16C      __odtbl__ mwLogicError::do_raise()
 0002:0000F198      __ectbl__ mwLogicError::do_raise()
 0002:0000F1B8      __odtbl__ mwBadAlloc::do_raise()
 0002:0000F1C8      __ectbl__ mwBadAlloc::do_raise()
 0002:0000F1DC      __odtbl__ mwRuntimeError::do_raise()
 0002:0000F208      __ectbl__ mwRuntimeError::do_raise()
 0002:0000F228      __odtbl__ mwDomainError::do_raise()
 0002:0000F254      __ectbl__ mwDomainError::do_raise()
 0002:0000F274      __odtbl__ MathWorks::lasterr(const mwArray&)
 0002:0000F284      __ectbl__ MathWorks::lasterr(const mwArray&)
 0002:0000F298      __ectbl__ mwLogicError::mwLogicError(const mwLogicError&)
 0002:0000F2A0      __ectbl__ mwBadAlloc::mwBadAlloc(const mwBadAlloc&)
 0002:0000F2A8      __ectbl__ mwRuntimeError::mwRuntimeError(const mwRuntimeError&)
 0002:0000F2B0      __ectbl__ mwDomainError::mwDomainError(const mwDomainError&)
 0002:0000F2B8      __ectbl__ mwBadAlloc::~mwBadAlloc()
 0002:0000F2C0      mwBadAlloc:: (rtti)
 0002:0000F2E8      mwException:: (rtti)
 0002:0000F310      d1030_1
 0002:0000F36C      mwLibraryInitBuiltins::refcount
 0002:0000F370      __odtbl__ mwLibraryInitBuiltins::mwLibraryInitBuiltins()
 0002:0000F380      __ectbl__ mwLibraryInitBuiltins::mwLibraryInitBuiltins()
 0002:0000F394      d1032_1
 0002:0000F70C      __odtbl__ mwSetPrintHandler(void (*)(const char *))
 0002:0000F72C      __ectbl__ mwSetPrintHandler(void (*)(const char *))
 0002:0000F74C      __odtbl__ mwBadAlloc::mwBadAlloc(const char *, int, const char *)
 0002:0000F75C      __ectbl__ mwBadAlloc::mwBadAlloc(const char *, int, const char *)
 0002:0000F770      __odtbl__ mwRuntimeError::mwRuntimeError(const char *, int, const char *, bool)
 0002:0000F780      __ectbl__ mwRuntimeError::mwRuntimeError(const char *, int, const char *, bool)
 0002:0000F794      d1044_1
 0002:0000F7D0      __odtbl__ mwVarargin::mwVarargin(const mwArray&)
 0002:0000F7E0      __ectbl__ mwVarargin::mwVarargin(const mwArray&)
 0002:0000F7F4      __odtbl__ mwVarargin::mwVarargin(const mwVarargin&, const mwArray&, const mwArray&, const mwArray&, const mwArray&, const mwArray&, const mwArray&, const mwArray&, const mwArray&, const mwArray&, const mwArray&, const mwArray&, const mwArray&, const mwArray&, const mwArray&, const mwArray&, const mwArray&, const mwArray&, const mwArray&, const mwArray&, const mwArray&, const mwArray&, const mwArray&, const mwArray&, const mwArray&, const mwArray&, const mwArray&, const mwArray&, const mwArray&, const mwArray&, const mwArray&, const mwArray&)
 0002:0000F804      __ectbl__ mwVarargin::mwVarargin(const mwVarargin&, const mwArray&, const mwArray&, const mwArray&, const mwArray&, const mwArray&, const mwArray&, const mwArray&, const mwArray&, const mwArray&, const mwArray&, const mwArray&, const mwArray&, const mwArray&, const mwArray&, const mwArray&, const mwArray&, const mwArray&, const mwArray&, const mwArray&, const mwArray&, const mwArray&, const mwArray&, const mwArray&, const mwArray&, const mwArray&, const mwArray&, const mwArray&, const mwArray&, const mwArray&, const mwArray&, const mwArray&)
 0002:0000F824      __odtbl__ mwVarargin::mwVarargin(const mwArrayIndex&)
 0002:0000F850      __ectbl__ mwVarargin::mwVarargin(const mwArrayIndex&)
 0002:0000F870      __odtbl__ mwListOfRefs::mwListOfRefs(const mwListOfRefs&)
 0002:0000F880      __ectbl__ mwListOfRefs::mwListOfRefs(const mwListOfRefs&)
 0002:0000F8A0      __odtbl__ mwList<MatrixRef *, 10>::mwList<MatrixRef *, 10>(const mwList<MatrixRef *, 10>&)
 0002:0000F8B0      __ectbl__ mwList<MatrixRef *, 10>::mwList<MatrixRef *, 10>(const mwList<MatrixRef *, 10>&)
 0002:0000F8C4      __odtbl__ mwListOfRefs::~mwListOfRefs()
 0002:0000F8D4      __ectbl__ mwListOfRefs::~mwListOfRefs()
 0002:0000F8E8      mwVarargin::DIN
 0002:0000F91C      __vdflg__ mwVarargin::DIN
 0002:0000F920      __odtbl__ mwVarargin::addRef(const mwArray&)
 0002:0000F950      __ectbl__ mwVarargin::addRef(const mwArray&)
 0002:0000F97C      __odtbl__ mwArray::mwArray(const mwArrayIndex&)
 0002:0000F9B8      __ectbl__ mwArray::mwArray(const mwArrayIndex&)
 0002:0000F9E4      __odtbl__ mwVarargin::mwVarargin()
 0002:0000F9F4      __ectbl__ mwVarargin::mwVarargin()
 0002:0000FA08      d1046_1
 0002:0000FF68      __odtbl__ mwArrayIndex::mwArrayIndex()
 0002:0000FF78      __ectbl__ mwArrayIndex::mwArrayIndex()
 0002:0000FF8C      __ectbl__ mwArrayIndex::operator =(const mwArrayIndex&)
 0002:0000FF94      __odtbl__ MathWorks::ischar(const mwArray&)
 0002:0000FFA4      __ectbl__ MathWorks::ischar(const mwArray&)
 0002:0000FFB8      d1048_1
 0002:00010738      __odtbl__ mwArray::WriteMatrix(std::basic_ostream<char, std::char_traits<char> >&) const
 0002:00010A9C      __ectbl__ mwArray::WriteMatrix(std::basic_ostream<char, std::char_traits<char> >&) const
 0002:00010BD0      __chtbl__ mwArray::Write(std::basic_ostream<char, std::char_traits<char> >&) const
 0002:00010BF0      __odtbl__ mwArray::Write(std::basic_ostream<char, std::char_traits<char> >&) const
 0002:00010CC8      __ectbl__ mwArray::Write(std::basic_ostream<char, std::char_traits<char> >&) const
 0002:00010D24      __odtbl__ MathWorks::iscomplex(const mwArray&)
 0002:00010D50      __ectbl__ MathWorks::iscomplex(const mwArray&)
 0002:00010D70      __odtbl__ MathWorks::real(const mwArray&)
 0002:00010D80      __ectbl__ MathWorks::real(const mwArray&)
 0002:00010D94      __odtbl__ MathWorks::max(mwArray, mwArray, mwArray)
 0002:00010DDC      __ectbl__ MathWorks::max(mwArray, mwArray, mwArray)
 0002:00010E08      __odtbl__ MathWorks::imag(const mwArray&)
 0002:00010E18      __ectbl__ MathWorks::imag(const mwArray&)
 0002:00010E2C      __odtbl__ log_ten(const mwArray&)
 0002:00010E70      __ectbl__ log_ten(const mwArray&)
 0002:00010E90      __odtbl__ MathWorks::fix(const mwArray&)
 0002:00010EA0      __ectbl__ MathWorks::fix(const mwArray&)
 0002:00010EB4      __odtbl__ operator <(const mwArray&, int)
 0002:00010EE0      __ectbl__ operator <(const mwArray&, int)
 0002:00010F00      __odtbl__ MathWorks::floor(const mwArray&)
 0002:00010F10      __ectbl__ MathWorks::floor(const mwArray&)
 0002:00010F24      __odtbl__ MathWorks::ceil(const mwArray&)
 0002:00010F34      __ectbl__ MathWorks::ceil(const mwArray&)
 0002:00010F48      __odtbl__ operator -(const mwArray&, int)
 0002:00010F74      __ectbl__ operator -(const mwArray&, int)
 0002:00010F94      __odtbl__ MathWorks::isnan(const mwArray&)
 0002:00010FA4      __ectbl__ MathWorks::isnan(const mwArray&)
 0002:00010FB8      __odtbl__ operator ==(const mwArray&, double)
 0002:00010FE4      __ectbl__ operator ==(const mwArray&, double)
 0002:00011004      __odtbl__ MathWorks::finite(const mwArray&)
 0002:00011014      __ectbl__ MathWorks::finite(const mwArray&)
 0002:00011028      __odtbl__ operator ~(const mwArray&)
 0002:00011038      __ectbl__ operator ~(const mwArray&)
 0002:0001104C      __odtbl__ operator !=(const mwArray&, double)
 0002:00011078      __ectbl__ operator !=(const mwArray&, double)
 0002:00011098      __odtbl__ operator !(const mwArray&)
 0002:000110A8      __ectbl__ operator !(const mwArray&)
 0002:000110BC      __odtbl__ MathWorks::isinf(const mwArray&)
 0002:000110CC      __ectbl__ MathWorks::isinf(const mwArray&)
 0002:000110E0      __odtbl__ MathWorks::round(const mwArray&)
 0002:000110F0      __ectbl__ MathWorks::round(const mwArray&)
 0002:00011104      __odtbl__ mwArray::operator ()(const mwVarargin&) const
 0002:00011130      __ectbl__ mwArray::operator ()(const mwVarargin&) const
 0002:00011150      __odtbl__ operator ==(const mwNumericSubArray&, int)
 0002:00011188      __ectbl__ operator ==(const mwNumericSubArray&, int)
 0002:000111A8      __odtbl__ MathWorks::logical(const mwArray&)
 0002:000111B8      __ectbl__ MathWorks::logical(const mwArray&)
 0002:000111CC      __odtbl__ MathWorks::log(const mwArray&)
 0002:000111DC      __ectbl__ MathWorks::log(const mwArray&)
 0002:000111F0      __odtbl__ operator <(const mwArray&, const mwArray&)
 0002:00011200      __ectbl__ operator <(const mwArray&, const mwArray&)
 0002:00011214      d1141_1
 0002:00011238      __odtbl__ System::AnsiString::ThrowIfOutOfRange(int) const
 0002:00011248      __ectbl__ System::AnsiString::ThrowIfOutOfRange(int) const
 0002:0001125C      __odtbl__ __fastcall System::AnsiString::AnsiString(const char *)
 0002:0001126C      __ectbl__ __fastcall System::AnsiString::AnsiString(const char *)
 0002:00011280      __odtbl__ __fastcall System::AnsiString::AnsiString(const System::AnsiString&)
 0002:00011290      __ectbl__ __fastcall System::AnsiString::AnsiString(const System::AnsiString&)
 0002:000112A4      __odtbl__ __fastcall System::AnsiString::AnsiString(const char *, unsigned int)
 0002:000112B4      __ectbl__ __fastcall System::AnsiString::AnsiString(const char *, unsigned int)
 0002:000112C8      __odtbl__ __fastcall System::AnsiString::AnsiString(char)
 0002:000112D8      __ectbl__ __fastcall System::AnsiString::AnsiString(char)
 0002:000112EC      __odtbl__ __fastcall System::AnsiString::AnsiString(int)
 0002:000112FC      __ectbl__ __fastcall System::AnsiString::AnsiString(int)
 0002:00011310      __odtbl__ __fastcall System::AnsiString::operator +(const System::AnsiString&) const
 0002:00011350      __ectbl__ __fastcall System::AnsiString::operator +(const System::AnsiString&) const
 0002:00011388      __odtbl__ __fastcall System::AnsiString::UpperCase() const
 0002:000113C0      __ectbl__ __fastcall System::AnsiString::UpperCase() const
 0002:000113E0      __odtbl__ __fastcall System::AnsiString::Trim() const
 0002:00011418      __ectbl__ __fastcall System::AnsiString::Trim() const
 0002:00011438      __odtbl__ __fastcall System::AnsiString::SubString(int, int) const
 0002:00011490      __ectbl__ __fastcall System::AnsiString::SubString(int, int) const
 0002:000114C8      __odtbl__ __fastcall System::AnsiString::ToDouble() const
 0002:000114D8      __ectbl__ __fastcall System::AnsiString::ToDouble() const
 0002:000114EC      __odtbl__ __fastcall System::operator +(const char *, const System::AnsiString&)
 0002:0001152C      __ectbl__ __fastcall System::operator +(const char *, const System::AnsiString&)
 0002:00011564      __odtbl__ __fastcall Sysutils::ERangeError::ERangeError(const System::AnsiString)
 0002:00011594      __ectbl__ __fastcall Sysutils::ERangeError::ERangeError(const System::AnsiString)
 0002:000115CC      __ectbl__ Sysutils::ERangeError::ERangeError(const Sysutils::ERangeError&)
 0002:000115D4      __odtbl__ __fastcall Sysutils::EIntError::EIntError(const System::AnsiString)
 0002:00011604      __ectbl__ __fastcall Sysutils::EIntError::EIntError(const System::AnsiString)
 0002:0001163C      __ectbl__ Sysutils::EIntError::EIntError(const Sysutils::EIntError&)
 0002:00011644      __odtbl__ __fastcall Sysutils::EExternal::EExternal(const System::AnsiString)
 0002:00011674      __ectbl__ __fastcall Sysutils::EExternal::EExternal(const System::AnsiString)
 0002:000116AC      __ectbl__ Sysutils::EExternal::EExternal(const Sysutils::EExternal&)
 0002:000116B4      __odtbl__ __fastcall Sysutils::ERangeError::~ERangeError()
 0002:000116C4      __ectbl__ __fastcall Sysutils::ERangeError::~ERangeError()
 0002:000116D8      __odtbl__ __fastcall Sysutils::EIntError::~EIntError()
 0002:000116E8      __ectbl__ __fastcall Sysutils::EIntError::~EIntError()
 0002:000116FC      __odtbl__ __fastcall Sysutils::EExternal::~EExternal()
 0002:0001170C      __ectbl__ __fastcall Sysutils::EExternal::~EExternal()
 0002:00011720      __odtbl__ __fastcall System::LoadResourceString(const System::ResourceString * const)
 0002:00011760      __ectbl__ __fastcall System::LoadResourceString(const System::ResourceString * const)
 0002:00011798      d1147_1
 0002:000117A8      __odtbl__ __stdcall __LateVCLInit()
 0002:000117D8      __ectbl__ __stdcall __LateVCLInit()
 0002:00011804      Jpeg::D982_1
 0002:00012080      Jpeg::JPEGDefaults
 0002:00012088      jpeg::_16413
 0002:000120FC      __indStub:27495
 0002:00012100      __indStub:27496
 0002:00012104      __indStub:27497
 0002:00012108      __indStub:27498
 0002:0001210C      __indStub:54930
 0002:00012110      __indStub:54929
 0002:00012114      __indStub:54931
 0002:00012158      __TLS_index
 0003:00000000      Windows::B83_2
 0003:00000004      Messages::B89_1
 0003:00000008      Commctrl::B99_1
 0003:00000014      Shellapi::B101_1
 0003:00000018      Regstr::B103_1
 0003:0000001C      Wininet::B105_1
 0003:00000020      Urlmon::B107_2
 0003:00000024      Shlobj::B109_2
 0003:00000028      Commdlg::B111_1
 0003:0000002C      Dlgs::B115_1
 0003:00000030      Imm::B117_1
 0003:00000034      Richedit::B137_1
 0003:00000038      Winspool::B141_1
 0003:0000003C      Sysinit::ModuleIsLib
 0003:0000003C      Sysinit::B26_2
 0003:0000003D      Sysinit::ModuleIsPackage
 0003:0000003E      Sysinit::ModuleIsCpp
 0003:00000040      Sysinit::TlsIndex
 0003:00000044      Sysinit::TlsLast
 0003:00000048      Sysinit::HInstance
 0003:0000004C      Sysinit::DllProc
 0003:00000058      Thisprogramingsu::B27_1
 0003:0000005C      Main::B29_2
 0003:00000064      _MainForm
 0003:00000068      _MainChildGrid
 0003:0000006C      _MainChildLog
 0003:00000070      _MainChildRegrMemo
 0003:00000074      _MainFPConstructorForm
 0003:00000078      _MainTreeConstructorForm
 0003:0000007C      _NameMainDataFile
 0003:00000080      _Array
 0003:00000084      _dArray
 0003:00000088      VarsNames
 0003:0000008C      VarsNums
 0003:00000090      T
 0003:00000094      TT
 0003:00000098      Z
 0003:0000009C      Z1
 0003:000000A0      Corr
 0003:000000A4      _PathWork
 0003:000000A8      _new_tree
 0003:000000AC      Main::B29_3
 0003:000000B0      b30_2
 0003:000000B0      _AboutBox
 0003:000000B4      b31_2
 0003:000000BC      Gridarray::B32_2
 0003:000000FC      Gridarray::B32_3
 0003:00000100      Odnomanaliz::B33_2
 0003:00000108      _AllReport
 0003:0000010C      __plot
 0003:00000110      _npplot
 0003:00000114      Odnomanaliz::B33_3
 0003:00000118      Matrixfunctions::B34_2
 0003:00000120      Matrixfunctions::B34_3
 0003:00000124      _position
 0003:00000124      Progress::B35_2
 0003:0000012C      _progress_step
 0003:00000134      Progress::B35_3
 0003:00000138      __DestructorCountPtr
 0003:00000138      b891_2
 0003:00000140      b913_2
 0003:00000140      ___dll_argc
 0003:00000144      ___dll_argv
 0003:00000148      Distributions::B38_2
 0003:0000014C      Graphing::B39_2
 0003:00000154      _Graph
 0003:00000158      G
 0003:00000164      Graphing::B39_3
 0003:00000168      Calcmfunctions::B40_2
 0003:00000170      Calcmfunctions::B40_3
 0003:00000174      b41_2
 0003:0000017C      _dep
 0003:00000180      _dep_n
 0003:00000184      Logging::B43_2
 0003:00000190      Logging::B43_3
 0003:00000194      Optimization::B44_2
 0003:0000019C      _f
 0003:000001A0      coeffs
 0003:000001A4      _A
 0003:000001A8      _XNumber
 0003:000001AC      _N
 0003:000001B0      _Dep
 0003:000001B4      _Data
 0003:000001B8      X
 0003:000001BC      _xxx
 0003:000001F8      Optimization::B44_3
 0003:000001FC      Calcfunctions::B45_3
 0003:00000200      _PagesDlg
 0003:00000200      b46_2
 0003:00000204      Childregrmemowin::B47_2
 0003:0000020C      _ChildRegrMemo
 0003:00000210      Childregrmemowin::B47_3
 0003:00000214      b48_2
 0003:0000021C      _WinAddParm
 0003:00000220      b49_2
 0003:00000228      _PathData
 0003:0000022C      _PathExe
 0003:00000230      _numStrObj
 0003:00000234      _uStrObj
 0003:00000238      _numStrParm
 0003:0000023C      _uStrParm
 0003:00000240      _numStrLink
 0003:00000244      _uStrLink
 0003:00000248      _numFunc
 0003:0000024C      _FuncNear
 0003:00000250      _numKod
 0003:00000254      _numValue
 0003:00000258      _numTime
 0003:0000025C      _s_exp
 0003:00000260      _numTree
 0003:00000264      _nameTree
 0003:000002C8      _NameTree
 0003:000002CC      _namFact
 0003:00000394      _nFact
 0003:00000398      _nnFact
 0003:0000039C      _TablTree
 0003:00000978      _IndI
 0003:0000097C      _IndJ
 0003:00000980      _TablParm
 0003:00000AAC      _nTablParm
 0003:00000AB0      _TablFact
 0003:00000BDC      _nTablFact
 0003:00000BE0      _numVar
 0003:00000BE4      _WinTreeParm
 0003:00000BE8      Utils::B50_2
 0003:00000BF0      Utils::B50_3
 0003:00000BF4      Mystatfunctions::B51_2
 0003:00000BFC      _Rmin
 0003:00000CC4      _mm1
 0003:00000CEC      _ss1
 0003:00000D14      _mm2
 0003:00000D3C      _ss2
 0003:00000D64      _Report
 0003:00000F94      Mystatfunctions::B51_3
 0003:00000F98      Treeconstructor::B52_2
 0003:00000FA0      _TreeFunction
 0003:00000FA4      Treeconstructor::B52_3
 0003:00000FA8      Correlationgridunit::B53_2
 0003:00000FB0      Correlationgridunit::B53_3
 0003:00000FB4      Sets::B54_3
 0003:00000FB8      Maps::B55_2
 0003:00000FC0      Maps::B55_3
 0003:00000FC4      Block::B56_3
 0003:00000FC8      Connector::B58_3
 0003:00000FCC      Element::B59_2
 0003:00000FD0      Romb::B60_3
 0003:00000FD4      Elementpropertyu::B61_3
 0003:00000FD8      _XX
 0003:00000FD8      Container::B62_2
 0003:00000FDC      _YY
 0003:00000FE0      _isDblClickNow
 0003:00000FE1      _isCanvasSizeLock
 0003:00000FE4      Container::B62_3
 0003:00000FE8      Treecontainer::B63_2
 0003:00000FF0      used_elems
 0003:00001028      Treecontainer::B63_3
 0003:0000102C      Rombindicator::B64_3
 0003:00001030      Blockindicator::B65_3
 0003:00001034      Vardescriptionsta::B66_2
 0003:0000103C      Vardescriptionsta::B66_3
 0003:00001040      Vardescriptioncalc::B67_2
 0003:00001048      Vardescriptioncalc::B67_3
 0003:0000104C      Vardescriptionsimple::B68_2
 0003:00001054      Vardescriptionsimple::B68_3
 0003:00001058      Fpsave::B69_2
 0003:00001058      _FPSaveForm
 0003:0000105C      Fpsave::B69_3
 0003:00001060      Fpconstructor::B70_2
 0003:00001068      _FPFunction
 0003:0000106C      Fpconstructor::B70_3
 0003:00001070      Fpcontainer::B71_3
 0003:00001074      b1014_2
 0003:0000107C      b1018_2
 0003:00001084      b1020_2
 0003:0000108C      b1022_2
 0003:00001094      mwArray::UNDEFINED
 0003:00001098      mwArray::DIN
 0003:0000109C      mwArray::DOUT
 0003:000010A4      mlm_exception::buffer
 0003:000020A4      b1026_2
 0003:000020AC      b1028_2
 0003:000020B4      b1030_2
 0003:000020BC      b1032_2
 0003:000020C4      b1044_2
 0003:000020CC      b1046_2
 0003:000020D4      b1048_2
 0003:000020E8      Jpeg::B982_2
 0003:000020EC      Jconsts::B1166_1
 0004:00000000      ___xxInfo
 0004:00000000      t891_3
